        ; setup: S, m into buffers; constants
start:
      0 08003083  ld ra, 128(x0)
      1 6e103823  sd ra, 1776(x0)
      2 66103823  sd ra, 1648(x0)
      3 04003083  ld ra, 64(x0)
      4 68103823  sd ra, 1680(x0)
      5 08803083  ld ra, 136(x0)
      6 6e103c23  sd ra, 1784(x0)
      7 66103c23  sd ra, 1656(x0)
      8 04803083  ld ra, 72(x0)
      9 68103c23  sd ra, 1688(x0)
     10 09003083  ld ra, 144(x0)
     11 70103023  sd ra, 1792(x0)
     12 68103023  sd ra, 1664(x0)
     13 05003083  ld ra, 80(x0)
     14 6a103023  sd ra, 1696(x0)
     15 09803083  ld ra, 152(x0)
     16 70103423  sd ra, 1800(x0)
     17 68103423  sd ra, 1672(x0)
     18 05803083  ld ra, 88(x0)
     19 6a103423  sd ra, 1704(x0)
     20 70100193  addi gp, x0, 1793
     21 64302823  sw gp, 1616(x0)
     22 000011b7  lui gp, 0x1
     23 c0118193  addi gp, gp, -1023
     24 02303023  sd gp, 32(x0)
        ; MAC check: tag saved, H(tw_mac | P | S | region) -> DO, compare
     25 00004eb7  lui t4, 0x4
     26 d58e8e93  addi t4, t4, -680
     27 000eb683  ld a3, 0(t4)
     28 008eb703  ld a4, 8(t4)
     29 010eb783  ld a5, 16(t4)
     30 018eb803  ld a6, 24(t4)
        ; MAC query over the cache region (1089 blocks)
     31 00004eb7  lui t4, 0x4
     32 d58e8e93  addi t4, t4, -680
     33 000011b7  lui gp, 0x1
     34 e0118193  addi gp, gp, -511
     35 fe3eb023  sd gp, -32(t4)
     36 08003083  ld ra, 128(x0)
     37 001eb023  sd ra, 0(t4)
     38 08803083  ld ra, 136(x0)
     39 001eb423  sd ra, 8(t4)
     40 09003083  ld ra, 144(x0)
     41 001eb823  sd ra, 16(t4)
     42 09803083  ld ra, 152(x0)
     43 001ebc23  sd ra, 24(t4)
     44 000151b7  lui gp, 0x15
     45 d6018193  addi gp, gp, -672
     46 0001b023  sd x0, 0(gp)
     47 0001b423  sd x0, 8(gp)
     48 0001b823  sd x0, 16(gp)
     49 fe0e8513  addi a0, t4, -32
     50 000115b7  lui a1, 0x11
     51 04058593  addi a1, a1, 64
     52 16000613  addi a2, x0, 352
     53 00000073  ecall
     54 16003083  ld ra, 352(x0)
     55 08d09463  bne ra, a3, +136
     56 16803083  ld ra, 360(x0)
     57 08e09063  bne ra, a4, +128
     58 17003083  ld ra, 368(x0)
     59 06f09c63  bne ra, a5, +120
     60 17803083  ld ra, 376(x0)
     61 07009863  bne ra, a6, +112
        ; randomizer (once): rho = H(tw7 | P | S | m); DG = [0x0C01 | rho.b | a | rho.lo | m]
     62 65000513  addi a0, x0, 1616
     63 08000593  addi a1, x0, 128
     64 14000613  addi a2, x0, 320
     65 00000073  ecall
     66 14003083  ld ra, 320(x0)
     67 14803103  ld sp, 328(x0)
     68 02103823  sd ra, 48(x0)
     69 02203c23  sd sp, 56(x0)
     70 15004183  lbu gp, 336(x0)
     71 0011f193  andi gp, gp, 1
     72 02303423  sd gp, 40(x0)
     73 001003b7  lui t2, 0x100
        ; digest loop over a (p field of the tweak word1: DG+12)
     74 00000313  addi t1, x0, 0
     75 04000593  addi a1, x0, 64
dig_loop:
     76 02602623  sw t1, 44(x0)
     77 02000513  addi a0, x0, 32
     78 16000613  addi a2, x0, 352
     79 00000073  ecall
     80 17003183  ld gp, 368(x0)
     81 00719193  slli gp, gp, 7
     82 0351d193  srli gp, gp, 53
     83 02018263  beq gp, x0, +36
     84 00130313  addi t1, t1, 1
     85 fc731ee3  bne t1, t2, -36
fail_digest:
     86 00100293  addi t0, x0, 1
     87 00100513  addi a0, x0, 1
     88 00000073  ecall
fail_mac:
     89 00100293  addi t0, x0, 1
     90 00100513  addi a0, x0, 1
     91 00000073  ecall
dig_ok:
     92 00024937  lui s2, 0x24
     93 e0090913  addi s2, s2, -512
     94 03003083  ld ra, 48(x0)
     95 00193023  sd ra, 0(s2)
     96 03803083  ld ra, 56(x0)
     97 00193423  sd ra, 8(s2)
     98 02803083  ld ra, 40(x0)
     99 00026237  lui tp, 0x26
    100 81820213  addi tp, tp, -2024
    101 00123023  sd ra, 0(tp)
    102 16003083  ld ra, 352(x0)
    103 16803103  ld sp, 360(x0)
    104 17003e03  ld t3, 368(x0)
    105 01e09b13  slli s6, ra, 30
    106 01eb5b13  srli s6, s6, 30
    107 0220d193  srli gp, ra, 34
    108 3ff1f193  andi gp, gp, 1023
    109 78303823  sd gp, 1936(x0)
    110 02c0d193  srli gp, ra, 44
    111 3ff1f193  andi gp, gp, 1023
    112 78303c23  sd gp, 1944(x0)
    113 0360d193  srli gp, ra, 54
    114 7a303023  sd gp, 1952(x0)
    115 3ff17193  andi gp, sp, 1023
    116 7a303423  sd gp, 1960(x0)
    117 00a15193  srli gp, sp, 10
    118 3ff1f193  andi gp, gp, 1023
    119 7a303823  sd gp, 1968(x0)
    120 01415193  srli gp, sp, 20
    121 3ff1f193  andi gp, gp, 1023
    122 7a303c23  sd gp, 1976(x0)
    123 01e15193  srli gp, sp, 30
    124 3ff1f193  andi gp, gp, 1023
    125 7c303023  sd gp, 1984(x0)
    126 02815193  srli gp, sp, 40
    127 3ff1f193  andi gp, gp, 1023
    128 7c303423  sd gp, 1992(x0)
    129 03215193  srli gp, sp, 50
    130 3ff1f193  andi gp, gp, 1023
    131 7c303823  sd gp, 2000(x0)
    132 03c15213  srli tp, sp, 60
    133 03fe7193  andi gp, t3, 63
    134 00419193  slli gp, gp, 4
    135 004181b3  add gp, gp, tp
    136 7c303c23  sd gp, 2008(x0)
    137 006e5193  srli gp, t3, 6
    138 3ff1f193  andi gp, gp, 1023
    139 7e303023  sd gp, 2016(x0)
    140 010e5193  srli gp, t3, 16
    141 3ff1f193  andi gp, gp, 1023
    142 7e303423  sd gp, 2024(x0)
    143 01ae5193  srli gp, t3, 26
    144 3ff1f193  andi gp, gp, 1023
    145 7e303823  sd gp, 2032(x0)
    146 024e5193  srli gp, t3, 36
    147 3ff1f193  andi gp, gp, 1023
    148 7e303c23  sd gp, 2040(x0)
        ; FORS
    149 6d602c23  sw s6, 1752(x0)
    150 0d602423  sw s6, 200(x0)
    151 1d602423  sw s6, 456(x0)
    152 23602423  sw s6, 552(x0)
    153 0c002223  sw x0, 196(x0)
    154 020b5193  srli gp, s6, 32
    155 01819193  slli gp, gp, 24
    156 00001eb7  lui t4, 0x1
    157 801e8e93  addi t4, t4, -2047
    158 01d18733  add a4, gp, t4
    159 000269b7  lui s3, 0x26
    160 e0098993  addi s3, s3, -512
    161 00000413  addi s0, x0, 0
    162 00024937  lui s2, 0x24
    163 e1090913  addi s2, s2, -496
    164 00026ab7  lui s5, 0x26
    165 838a8a93  addi s5, s5, -1992
fors_loop:
    166 00341193  slli gp, s0, 3
    167 7901b683  ld a3, 1936(gp)
    168 01041193  slli gp, s0, 16
    169 00370eb3  add t4, a4, gp
    170 6dd02823  sw t4, 1744(x0)
    171 100e8e93  addi t4, t4, 256
    172 0dd02023  sw t4, 192(x0)
        ; FORS extras: E_q = H(tw(8, kappa, idx, 1, q) | P | S) -> EX + 32q
    173 00100193  addi gp, x0, 1
    174 6c302a23  sw gp, 1748(x0)
    175 00000493  addi s1, x0, 0
fors_ex_loop:
    176 6c902e23  sw s1, 1756(x0)
    177 6d000513  addi a0, x0, 1744
    178 04000593  addi a1, x0, 64
    179 00549613  slli a2, s1, 5
    180 71060613  addi a2, a2, 1808
    181 00000073  ecall
    182 00148493  addi s1, s1, 1
    183 00400193  addi gp, x0, 4
    184 fe3490e3  bne s1, gp, -32
    185 6c002a23  sw x0, 1748(x0)
    186 00000493  addi s1, x0, 0
fors_leaf_loop:
    187 0014f193  andi gp, s1, 1
    188 00019e63  bne gp, x0, +28
    189 0014d193  srli gp, s1, 1
    190 6c302e23  sw gp, 1756(x0)
    191 6d000513  addi a0, x0, 1744
    192 04000593  addi a1, x0, 64
    193 14000613  addi a2, x0, 320
    194 00000073  ecall
prf_have_1:
    195 0014f193  andi gp, s1, 1
    196 00419193  slli gp, gp, 4
    197 1401b083  ld ra, 320(gp)
    198 1481b103  ld sp, 328(gp)
    199 0e103023  sd ra, 224(x0)
    200 0e203423  sd sp, 232(x0)
    201 0034d193  srli gp, s1, 3
    202 7101c183  lbu gp, 1808(gp)
    203 0074f213  andi tp, s1, 7
    204 0041d1b3  srl gp, gp, tp
    205 0011f193  andi gp, gp, 1
    206 0e300823  sb gp, 240(x0)
    207 00d49863  bne s1, a3, +16
    208 00193023  sd ra, 0(s2)
    209 00293423  sd sp, 8(s2)
    210 003a8023  sb gp, 0(s5)
fors_nocap:
    211 0c902623  sw s1, 204(x0)
    212 0c000513  addi a0, x0, 192
    213 04000593  addi a1, x0, 64
    214 00549193  slli gp, s1, 5
    215 00398633  add a2, s3, gp
    216 00000073  ecall
    217 00148493  addi s1, s1, 1
    218 40000193  addi gp, x0, 1024
    219 f83490e3  bne s1, gp, -128
    220 00100793  addi a5, x0, 1
    221 40000893  addi a7, x0, 1024
fors_level_loop:
    222 fff78193  addi gp, a5, -1
    223 0036d1b3  srl gp, a3, gp
    224 0011c193  xori gp, gp, 1
    225 00519193  slli gp, gp, 5
    226 013181b3  add gp, gp, s3
    227 00479213  slli tp, a5, 4
    228 01220233  add tp, tp, s2
    229 0001b083  ld ra, 0(gp)
    230 00123023  sd ra, 0(tp)
    231 0081b083  ld ra, 8(gp)
    232 00123423  sd ra, 8(tp)
    233 0101c083  lbu ra, 16(gp)
    234 0010f093  andi ra, ra, 1
    235 00fa8233  add tp, s5, a5
    236 00120023  sb ra, 0(tp)
    237 01041193  slli gp, s0, 16
    238 00e181b3  add gp, gp, a4
    239 20018193  addi gp, gp, 512
    240 1c303023  sd gp, 448(x0)
    241 0018d893  srli a7, a7, 1
    242 00000813  addi a6, x0, 0
fors_node_loop:
    243 01180133  add sp, a6, a7
    244 1c202623  sw sp, 460(x0)
    245 00681193  slli gp, a6, 6
    246 013181b3  add gp, gp, s3
    247 0001b083  ld ra, 0(gp)
    248 1e103023  sd ra, 480(x0)
    249 0201b083  ld ra, 32(gp)
    250 1e103823  sd ra, 496(x0)
    251 0081b083  ld ra, 8(gp)
    252 1e103423  sd ra, 488(x0)
    253 0281b083  ld ra, 40(gp)
    254 1e103c23  sd ra, 504(x0)
    255 0101c083  lbu ra, 16(gp)
    256 0010f093  andi ra, ra, 1
    257 1c100823  sb ra, 464(x0)
    258 0301c083  lbu ra, 48(gp)
    259 0010f093  andi ra, ra, 1
    260 1c1008a3  sb ra, 465(x0)
    261 1c000513  addi a0, x0, 448
    262 04000593  addi a1, x0, 64
    263 00581193  slli gp, a6, 5
    264 00398633  add a2, s3, gp
    265 00000073  ecall
    266 00180813  addi a6, a6, 1
    267 fb1810e3  bne a6, a7, -96
    268 00178793  addi a5, a5, 1
    269 00a00193  addi gp, x0, 10
    270 f4f1d0e3  bge gp, a5, -192
    271 00441193  slli gp, s0, 4
    272 0009b083  ld ra, 0(s3)
    273 2411b023  sd ra, 576(gp)
    274 0089b083  ld ra, 8(s3)
    275 2411b423  sd ra, 584(gp)
    276 0109c083  lbu ra, 16(s3)
    277 0010f093  andi ra, ra, 1
    278 22140823  sb ra, 560(s0)
    279 0b090913  addi s2, s2, 176
    280 00ba8a93  addi s5, s5, 11
    281 00140413  addi s0, s0, 1
    282 00e00193  addi gp, x0, 14
    283 e23416e3  bne s0, gp, -468
        ; FORS roots
    284 020b5193  srli gp, s6, 32
    285 01819193  slli gp, gp, 24
    286 00001eb7  lui t4, 0x1
    287 b01e8e93  addi t4, t4, -1279
    288 01d181b3  add gp, gp, t4
    289 22302023  sw gp, 544(x0)
    290 22002223  sw x0, 548(x0)
    291 22002623  sw x0, 556(x0)
    292 22000513  addi a0, x0, 544
    293 10000593  addi a1, x0, 256
    294 12000613  addi a2, x0, 288
    295 00000073  ecall
    296 13004183  lbu gp, 304(x0)
    297 0011f193  andi gp, gp, 1
    298 12303823  sd gp, 304(x0)
        ; layers 4..0 (s = shift below the layer, h = height)
    299 004003b7  lui t2, 0x400
    300 071c7d37  lui s10, 0x71c7
    301 1c7d0d13  addi s10, s10, 455
    302 00cd1d13  slli s10, s10, 12
    303 1c7d0d13  addi s10, s10, 455
    304 00cd1d13  slli s10, s10, 12
    305 1c7d0d13  addi s10, s10, 455
    306 00cd1d13  slli s10, s10, 12
    307 1c7d0d13  addi s10, s10, 455
    308 ff03fdb7  lui s11, 0xff03f
    309 03fd8d93  addi s11, s11, 63
    310 00cd9d93  slli s11, s11, 12
    311 03fd8d93  addi s11, s11, 63
    312 00cd9d93  slli s11, s11, 12
    313 03fd8d93  addi s11, s11, 63
    314 00cd9d93  slli s11, s11, 12
    315 03fd8d93  addi s11, s11, 63
    316 00400413  addi s0, x0, 4
        ; staging bases of this layer -> EX+0 (chain lo), +8 (hi), +16 (path lo), +24 (path b)
layer_loop:
    317 00000193  addi gp, x0, 0
    318 02341a63  bne s0, gp, +52
    319 00024237  lui tp, 0x24
    320 7b020213  addi tp, tp, 1968
    321 70403823  sd tp, 1808(x0)
    322 00025237  lui tp, 0x25
    323 74020213  addi tp, tp, 1856
    324 70403c23  sd tp, 1816(x0)
    325 00025237  lui tp, 0x25
    326 a6020213  addi tp, tp, -1440
    327 72403023  sd tp, 1824(x0)
    328 00026237  lui tp, 0x26
    329 8d220213  addi tp, tp, -1838
    330 72403423  sd tp, 1832(x0)
lb_next_2:
    331 00100193  addi gp, x0, 1
    332 02341a63  bne s0, gp, +52
    333 00025237  lui tp, 0x25
    334 b1020213  addi tp, tp, -1264
    335 70403823  sd tp, 1808(x0)
    336 00025237  lui tp, 0x25
    337 76b20213  addi tp, tp, 1899
    338 70403c23  sd tp, 1816(x0)
    339 00025237  lui tp, 0x25
    340 dc020213  addi tp, tp, -576
    341 72403023  sd tp, 1824(x0)
    342 00026237  lui tp, 0x26
    343 8dd20213  addi tp, tp, -1827
    344 72403423  sd tp, 1832(x0)
lb_next_3:
    345 00200193  addi gp, x0, 2
    346 02341a63  bne s0, gp, +52
    347 00025237  lui tp, 0x25
    348 e2020213  addi tp, tp, -480
    349 70403823  sd tp, 1808(x0)
    350 00025237  lui tp, 0x25
    351 79620213  addi tp, tp, 1942
    352 70403c23  sd tp, 1816(x0)
    353 00025237  lui tp, 0x25
    354 0d020213  addi tp, tp, 208
    355 72403023  sd tp, 1824(x0)
    356 00026237  lui tp, 0x26
    357 8e320213  addi tp, tp, -1821
    358 72403423  sd tp, 1832(x0)
lb_next_4:
    359 00300193  addi gp, x0, 3
    360 02341a63  bne s0, gp, +52
    361 00025237  lui tp, 0x25
    362 13020213  addi tp, tp, 304
    363 70403823  sd tp, 1808(x0)
    364 00025237  lui tp, 0x25
    365 7c120213  addi tp, tp, 1985
    366 70403c23  sd tp, 1816(x0)
    367 00025237  lui tp, 0x25
    368 3e020213  addi tp, tp, 992
    369 72403023  sd tp, 1824(x0)
    370 00026237  lui tp, 0x26
    371 8e920213  addi tp, tp, -1815
    372 72403423  sd tp, 1832(x0)
lb_next_5:
    373 00400193  addi gp, x0, 4
    374 02341a63  bne s0, gp, +52
    375 00025237  lui tp, 0x25
    376 44020213  addi tp, tp, 1088
    377 70403823  sd tp, 1808(x0)
    378 00025237  lui tp, 0x25
    379 7ec20213  addi tp, tp, 2028
    380 70403c23  sd tp, 1816(x0)
    381 00025237  lui tp, 0x25
    382 6f020213  addi tp, tp, 1776
    383 72403023  sd tp, 1824(x0)
    384 00026237  lui tp, 0x26
    385 8ef20213  addi tp, tp, -1809
    386 72403423  sd tp, 1832(x0)
lb_next_6:
    387 00400193  addi gp, x0, 4
    388 00344863  blt s0, gp, +16
    389 00000e13  addi t3, x0, 0
    390 00500493  addi s1, x0, 5
    391 02c0006f  jal x0, +44
layer_h6:
    392 02040063  beq s0, x0, +32
    393 00141193  slli gp, s0, 1
    394 008181b3  add gp, gp, s0
    395 00119193  slli gp, gp, 1
    396 01700e13  addi t3, x0, 23
    397 403e0e33  sub t3, t3, gp
    398 00600493  addi s1, x0, 6
    399 00c0006f  jal x0, +12
layer_h11:
    400 01700e13  addi t3, x0, 23
    401 00b00493  addi s1, x0, 11
layer_route:
    402 01cb56b3  srl a3, s6, t3
    403 00100193  addi gp, x0, 1
    404 009191b3  sll gp, gp, s1
    405 fff18193  addi gp, gp, -1
    406 0036f6b3  and a3, a3, gp
    407 009e0eb3  add t4, t3, s1
    408 01db5f33  srl t5, s6, t4
    409 02069193  slli gp, a3, 32
    410 003f0fb3  add t6, t5, gp
    411 01041193  slli gp, s0, 16
    412 40118193  addi gp, gp, 1025
    413 10303023  sd gp, 256(x0)
    414 11f03423  sd t6, 264(x0)
    415 10003823  sd x0, 272(x0)
    416 10003c23  sd x0, 280(x0)
    417 001c7c37  lui s8, 0x1c7
    418 1c7c0c13  addi s8, s8, 455
    419 00cc1c13  slli s8, s8, 12
    420 1c7c0c13  addi s8, s8, 455
    421 00cc1c13  slli s8, s8, 12
    422 1c7c0c13  addi s8, s8, 455
    423 00cc1c13  slli s8, s8, 12
    424 1c7c0c13  addi s8, s8, 455
    425 00000313  addi t1, x0, 0
    426 04000593  addi a1, x0, 64
enc_loop:
    427 12603c23  sd t1, 312(x0)
    428 10000513  addi a0, x0, 256
    429 14000613  addi a2, x0, 320
    430 00000073  ecall
    431 14003083  ld ra, 320(x0)
    432 14803103  ld sp, 328(x0)
    433 15004c83  lbu s9, 336(x0)
    434 007cfc93  andi s9, s9, 7
    435 0030de13  srli t3, ra, 3
    436 018e7e33  and t3, t3, s8
    437 01a0feb3  and t4, ra, s10
    438 01de0e33  add t3, t3, t4
    439 00315e93  srli t4, sp, 3
    440 018efeb3  and t4, t4, s8
    441 01de0e33  add t3, t3, t4
    442 01a17eb3  and t4, sp, s10
    443 01de0e33  add t3, t3, t4
    444 019e0e33  add t3, t3, s9
    445 006e5e93  srli t4, t3, 6
    446 01de0e33  add t3, t3, t4
    447 01be7e33  and t3, t3, s11
    448 00ce5e93  srli t4, t3, 12
    449 01de0e33  add t3, t3, t4
    450 018e5e93  srli t4, t3, 24
    451 01de0e33  add t3, t3, t4
    452 030e5e93  srli t4, t3, 48
    453 01de0e33  add t3, t3, t4
    454 7ffe7e13  andi t3, t3, 2047
    455 f3de0e13  addi t3, t3, -195
    456 000e1463  bne t3, x0, +8
    457 0180006f  jal x0, +24
enc_next:
    458 00130313  addi t1, t1, 1
    459 f87310e3  bne t1, t2, -128
fail_enc:
    460 00100293  addi t0, x0, 1
    461 00100513  addi a0, x0, 1
    462 00000073  ecall
enc_ok:
    463 00241193  slli gp, s0, 2
    464 00026237  lui tp, 0x26
    465 82020213  addi tp, tp, -2016
    466 004181b3  add gp, gp, tp
    467 0061a023  sw t1, 0(gp)
    468 0002f737  lui a4, 0x2f
    469 b0070713  addi a4, a4, -1280
    470 0070f193  andi gp, ra, 7
    471 00373023  sd gp, 0(a4)
    472 0030d193  srli gp, ra, 3
    473 0071f193  andi gp, gp, 7
    474 00373423  sd gp, 8(a4)
    475 0060d193  srli gp, ra, 6
    476 0071f193  andi gp, gp, 7
    477 00373823  sd gp, 16(a4)
    478 0090d193  srli gp, ra, 9
    479 0071f193  andi gp, gp, 7
    480 00373c23  sd gp, 24(a4)
    481 00c0d193  srli gp, ra, 12
    482 0071f193  andi gp, gp, 7
    483 02373023  sd gp, 32(a4)
    484 00f0d193  srli gp, ra, 15
    485 0071f193  andi gp, gp, 7
    486 02373423  sd gp, 40(a4)
    487 0120d193  srli gp, ra, 18
    488 0071f193  andi gp, gp, 7
    489 02373823  sd gp, 48(a4)
    490 0150d193  srli gp, ra, 21
    491 0071f193  andi gp, gp, 7
    492 02373c23  sd gp, 56(a4)
    493 0180d193  srli gp, ra, 24
    494 0071f193  andi gp, gp, 7
    495 04373023  sd gp, 64(a4)
    496 01b0d193  srli gp, ra, 27
    497 0071f193  andi gp, gp, 7
    498 04373423  sd gp, 72(a4)
    499 01e0d193  srli gp, ra, 30
    500 0071f193  andi gp, gp, 7
    501 04373823  sd gp, 80(a4)
    502 0210d193  srli gp, ra, 33
    503 0071f193  andi gp, gp, 7
    504 04373c23  sd gp, 88(a4)
    505 0240d193  srli gp, ra, 36
    506 0071f193  andi gp, gp, 7
    507 06373023  sd gp, 96(a4)
    508 0270d193  srli gp, ra, 39
    509 0071f193  andi gp, gp, 7
    510 06373423  sd gp, 104(a4)
    511 02a0d193  srli gp, ra, 42
    512 0071f193  andi gp, gp, 7
    513 06373823  sd gp, 112(a4)
    514 02d0d193  srli gp, ra, 45
    515 0071f193  andi gp, gp, 7
    516 06373c23  sd gp, 120(a4)
    517 0300d193  srli gp, ra, 48
    518 0071f193  andi gp, gp, 7
    519 08373023  sd gp, 128(a4)
    520 0330d193  srli gp, ra, 51
    521 0071f193  andi gp, gp, 7
    522 08373423  sd gp, 136(a4)
    523 0360d193  srli gp, ra, 54
    524 0071f193  andi gp, gp, 7
    525 08373823  sd gp, 144(a4)
    526 0390d193  srli gp, ra, 57
    527 0071f193  andi gp, gp, 7
    528 08373c23  sd gp, 152(a4)
    529 03c0d193  srli gp, ra, 60
    530 0071f193  andi gp, gp, 7
    531 0a373023  sd gp, 160(a4)
    532 00717193  andi gp, sp, 7
    533 0a373423  sd gp, 168(a4)
    534 00315193  srli gp, sp, 3
    535 0071f193  andi gp, gp, 7
    536 0a373823  sd gp, 176(a4)
    537 00615193  srli gp, sp, 6
    538 0071f193  andi gp, gp, 7
    539 0a373c23  sd gp, 184(a4)
    540 00915193  srli gp, sp, 9
    541 0071f193  andi gp, gp, 7
    542 0c373023  sd gp, 192(a4)
    543 00c15193  srli gp, sp, 12
    544 0071f193  andi gp, gp, 7
    545 0c373423  sd gp, 200(a4)
    546 00f15193  srli gp, sp, 15
    547 0071f193  andi gp, gp, 7
    548 0c373823  sd gp, 208(a4)
    549 01215193  srli gp, sp, 18
    550 0071f193  andi gp, gp, 7
    551 0c373c23  sd gp, 216(a4)
    552 01515193  srli gp, sp, 21
    553 0071f193  andi gp, gp, 7
    554 0e373023  sd gp, 224(a4)
    555 01815193  srli gp, sp, 24
    556 0071f193  andi gp, gp, 7
    557 0e373423  sd gp, 232(a4)
    558 01b15193  srli gp, sp, 27
    559 0071f193  andi gp, gp, 7
    560 0e373823  sd gp, 240(a4)
    561 01e15193  srli gp, sp, 30
    562 0071f193  andi gp, gp, 7
    563 0e373c23  sd gp, 248(a4)
    564 02115193  srli gp, sp, 33
    565 0071f193  andi gp, gp, 7
    566 10373023  sd gp, 256(a4)
    567 02415193  srli gp, sp, 36
    568 0071f193  andi gp, gp, 7
    569 10373423  sd gp, 264(a4)
    570 02715193  srli gp, sp, 39
    571 0071f193  andi gp, gp, 7
    572 10373823  sd gp, 272(a4)
    573 02a15193  srli gp, sp, 42
    574 0071f193  andi gp, gp, 7
    575 10373c23  sd gp, 280(a4)
    576 02d15193  srli gp, sp, 45
    577 0071f193  andi gp, gp, 7
    578 12373023  sd gp, 288(a4)
    579 03015193  srli gp, sp, 48
    580 0071f193  andi gp, gp, 7
    581 12373423  sd gp, 296(a4)
    582 03315193  srli gp, sp, 51
    583 0071f193  andi gp, gp, 7
    584 12373823  sd gp, 304(a4)
    585 03615193  srli gp, sp, 54
    586 0071f193  andi gp, gp, 7
    587 12373c23  sd gp, 312(a4)
    588 03915193  srli gp, sp, 57
    589 0071f193  andi gp, gp, 7
    590 14373023  sd gp, 320(a4)
    591 03c15193  srli gp, sp, 60
    592 0071f193  andi gp, gp, 7
    593 14373423  sd gp, 328(a4)
    594 15973823  sd s9, 336(a4)
    595 30040a63  beq s0, x0, +788
        ; tree build: tweak words
    596 0002e9b7  lui s3, 0x2e
    597 f0098993  addi s3, s3, -256
    598 01041193  slli gp, s0, 16
    599 0011ee93  ori t4, gp, 1
    600 6dd03823  sd t4, 1744(x0)
    601 1011ee93  ori t4, gp, 257
    602 0dd02023  sw t4, 192(x0)
    603 2011ee93  ori t4, gp, 513
    604 35d03023  sd t4, 832(x0)
    605 00100193  addi gp, x0, 1
    606 009198b3  sll a7, gp, s1
    607 00000a13  addi s4, x0, 0
    608 0c003823  sd x0, 208(x0)
    609 0c003c23  sd x0, 216(x0)
    610 0e003023  sd x0, 224(x0)
    611 0e003423  sd x0, 232(x0)
tb_leaf_loop:
    612 020a1193  slli gp, s4, 32
    613 01e1e1b3  or gp, gp, t5
    614 6c303c23  sd gp, 1752(x0)
    615 0c303423  sd gp, 200(x0)
    616 34303423  sd gp, 840(x0)
    617 0002feb7  lui t4, 0x2f
    618 800e8e93  addi t4, t4, -2048
    619 00000193  addi gp, x0, 0
stream_7:
    620 6c302a23  sw gp, 1748(x0)
    621 6d000513  addi a0, x0, 1744
    622 04000593  addi a1, x0, 64
    623 00519613  slli a2, gp, 5
    624 01d60633  add a2, a2, t4
    625 00000073  ecall
    626 00118193  addi gp, gp, 1
    627 01700213  addi tp, x0, 23
    628 fe4190e3  bne gp, tp, -32
    629 00000a93  addi s5, x0, 0
tb_chain_loop:
    630 004a9213  slli tp, s5, 4
    631 01520233  add tp, tp, s5
    632 0002f1b7  lui gp, 0x2f
    633 80018193  addi gp, gp, -2048
    634 00320233  add tp, tp, gp
    635 00024083  lbu ra, 0(tp)
    636 0e100823  sb ra, 240(x0)
    637 00124083  lbu ra, 1(tp)
    638 0e1008a3  sb ra, 241(x0)
    639 00224083  lbu ra, 2(tp)
    640 0e100923  sb ra, 242(x0)
    641 00324083  lbu ra, 3(tp)
    642 0e1009a3  sb ra, 243(x0)
    643 00424083  lbu ra, 4(tp)
    644 0e100a23  sb ra, 244(x0)
    645 00524083  lbu ra, 5(tp)
    646 0e100aa3  sb ra, 245(x0)
    647 00624083  lbu ra, 6(tp)
    648 0e100b23  sb ra, 246(x0)
    649 00724083  lbu ra, 7(tp)
    650 0e100ba3  sb ra, 247(x0)
    651 00824083  lbu ra, 8(tp)
    652 0e100c23  sb ra, 248(x0)
    653 00924083  lbu ra, 9(tp)
    654 0e100ca3  sb ra, 249(x0)
    655 00a24083  lbu ra, 10(tp)
    656 0e100d23  sb ra, 250(x0)
    657 00b24083  lbu ra, 11(tp)
    658 0e100da3  sb ra, 251(x0)
    659 00c24083  lbu ra, 12(tp)
    660 0e100e23  sb ra, 252(x0)
    661 00d24083  lbu ra, 13(tp)
    662 0e100ea3  sb ra, 253(x0)
    663 00e24083  lbu ra, 14(tp)
    664 0e100f23  sb ra, 254(x0)
    665 00f24083  lbu ra, 15(tp)
    666 0e100fa3  sb ra, 255(x0)
    667 01024083  lbu ra, 16(tp)
    668 0e1007a3  sb ra, 239(x0)
    669 00000b93  addi s7, x0, 0
    670 003a9193  slli gp, s5, 3
    671 0002f237  lui tp, 0x2f
    672 b0020213  addi tp, tp, -1280
    673 004181b3  add gp, gp, tp
    674 0001bc83  ld s9, 0(gp)
    675 02da1a63  bne s4, a3, +52
    676 039b9863  bne s7, s9, +48
    677 71003203  ld tp, 1808(x0)
    678 004a9193  slli gp, s5, 4
    679 00320233  add tp, tp, gp
    680 0f003083  ld ra, 240(x0)
    681 00123023  sd ra, 0(tp)
    682 0f803083  ld ra, 248(x0)
    683 00123423  sd ra, 8(tp)
    684 71803203  ld tp, 1816(x0)
    685 01520233  add tp, tp, s5
    686 0ef04183  lbu gp, 239(x0)
    687 00320023  sb gp, 0(tp)
tb_cap0_8:
tb_step_loop:
    688 001b8b93  addi s7, s7, 1
    689 008a9193  slli gp, s5, 8
    690 017181b3  add gp, gp, s7
    691 fff18193  addi gp, gp, -1
    692 0c302223  sw gp, 196(x0)
    693 0c000513  addi a0, x0, 192
    694 04000593  addi a1, x0, 64
    695 0f000613  addi a2, x0, 240
    696 00000073  ecall
    697 10004183  lbu gp, 256(x0)
    698 0e3007a3  sb gp, 239(x0)
    699 02da1a63  bne s4, a3, +52
    700 039b9863  bne s7, s9, +48
    701 71003203  ld tp, 1808(x0)
    702 004a9193  slli gp, s5, 4
    703 00320233  add tp, tp, gp
    704 0f003083  ld ra, 240(x0)
    705 00123023  sd ra, 0(tp)
    706 0f803083  ld ra, 248(x0)
    707 00123423  sd ra, 8(tp)
    708 71803203  ld tp, 1816(x0)
    709 01520233  add tp, tp, s5
    710 0ef04183  lbu gp, 239(x0)
    711 00320023  sb gp, 0(tp)
tb_cap1_9:
    712 00700193  addi gp, x0, 7
    713 f83b9ee3  bne s7, gp, -100
    714 004a9193  slli gp, s5, 4
    715 0f003083  ld ra, 240(x0)
    716 0f803103  ld sp, 248(x0)
    717 3811b823  sd ra, 912(gp)
    718 3821bc23  sd sp, 920(gp)
    719 0ef04083  lbu ra, 239(x0)
    720 341a8823  sb ra, 848(s5)
    721 001a8a93  addi s5, s5, 1
    722 02b00193  addi gp, x0, 43
    723 e83a96e3  bne s5, gp, -372
    724 34000513  addi a0, x0, 832
    725 30000593  addi a1, x0, 768
    726 005a1193  slli gp, s4, 5
    727 00398633  add a2, s3, gp
    728 00000073  ecall
    729 001a0a13  addi s4, s4, 1
    730 e31a14e3  bne s4, a7, -472
        ; tree build: levels
    731 00048e13  addi t3, s1, 0
    732 00100793  addi a5, x0, 1
tb_level_loop:
    733 fff78193  addi gp, a5, -1
    734 0036d1b3  srl gp, a3, gp
    735 0011c193  xori gp, gp, 1
    736 00519193  slli gp, gp, 5
    737 013181b3  add gp, gp, s3
    738 72003203  ld tp, 1824(x0)
    739 00479113  slli sp, a5, 4
    740 00220233  add tp, tp, sp
    741 0001b083  ld ra, 0(gp)
    742 fe123823  sd ra, -16(tp)
    743 0081b083  ld ra, 8(gp)
    744 fe123c23  sd ra, -8(tp)
    745 0101c083  lbu ra, 16(gp)
    746 0010f093  andi ra, ra, 1
    747 72803203  ld tp, 1832(x0)
    748 00f20233  add tp, tp, a5
    749 fe120fa3  sb ra, -1(tp)
    750 01041193  slli gp, s0, 16
    751 3011e193  ori gp, gp, 769
    752 1c303023  sd gp, 448(x0)
    753 1de02423  sw t5, 456(x0)
    754 0018d893  srli a7, a7, 1
    755 00000813  addi a6, x0, 0
tb_node_loop:
    756 01180133  add sp, a6, a7
    757 1c202623  sw sp, 460(x0)
    758 00681193  slli gp, a6, 6
    759 013181b3  add gp, gp, s3
    760 0001b083  ld ra, 0(gp)
    761 1e103023  sd ra, 480(x0)
    762 0201b083  ld ra, 32(gp)
    763 1e103823  sd ra, 496(x0)
    764 0081b083  ld ra, 8(gp)
    765 1e103423  sd ra, 488(x0)
    766 0281b083  ld ra, 40(gp)
    767 1e103c23  sd ra, 504(x0)
    768 0101c083  lbu ra, 16(gp)
    769 0010f093  andi ra, ra, 1
    770 1c100823  sb ra, 464(x0)
    771 0301c083  lbu ra, 48(gp)
    772 0010f093  andi ra, ra, 1
    773 1c1008a3  sb ra, 465(x0)
    774 1c000513  addi a0, x0, 448
    775 04000593  addi a1, x0, 64
    776 00581193  slli gp, a6, 5
    777 00398633  add a2, s3, gp
    778 00000073  ecall
    779 00180813  addi a6, a6, 1
    780 fb1810e3  bne a6, a7, -96
    781 00178793  addi a5, a5, 1
    782 f2fe5ee3  bge t3, a5, -196
    783 0009b083  ld ra, 0(s3)
    784 12103023  sd ra, 288(x0)
    785 0089b083  ld ra, 8(s3)
    786 12103423  sd ra, 296(x0)
    787 0109c083  lbu ra, 16(s3)
    788 0010f093  andi ra, ra, 1
    789 12103823  sd ra, 304(x0)
    790 fff40413  addi s0, s0, -1
    791 899ff06f  jal x0, -1896
        ; layer 0: prf stream, chains up to x_i only
top_layer:
    792 00100193  addi gp, x0, 1
    793 6c303823  sd gp, 1744(x0)
    794 6df03c23  sd t6, 1752(x0)
    795 10100193  addi gp, x0, 257
    796 0c302023  sw gp, 192(x0)
    797 0df03423  sd t6, 200(x0)
    798 0c003823  sd x0, 208(x0)
    799 0c003c23  sd x0, 216(x0)
    800 0e003023  sd x0, 224(x0)
    801 0e003423  sd x0, 232(x0)
    802 0002feb7  lui t4, 0x2f
    803 800e8e93  addi t4, t4, -2048
    804 00000193  addi gp, x0, 0
stream_10:
    805 6c302a23  sw gp, 1748(x0)
    806 6d000513  addi a0, x0, 1744
    807 04000593  addi a1, x0, 64
    808 00519613  slli a2, gp, 5
    809 01d60633  add a2, a2, t4
    810 00000073  ecall
    811 00118193  addi gp, gp, 1
    812 01700213  addi tp, x0, 23
    813 fe4190e3  bne gp, tp, -32
    814 00068a13  addi s4, a3, 0
    815 00000a93  addi s5, x0, 0
top_chain_loop:
    816 004a9213  slli tp, s5, 4
    817 01520233  add tp, tp, s5
    818 0002f1b7  lui gp, 0x2f
    819 80018193  addi gp, gp, -2048
    820 00320233  add tp, tp, gp
    821 00024083  lbu ra, 0(tp)
    822 0e100823  sb ra, 240(x0)
    823 00124083  lbu ra, 1(tp)
    824 0e1008a3  sb ra, 241(x0)
    825 00224083  lbu ra, 2(tp)
    826 0e100923  sb ra, 242(x0)
    827 00324083  lbu ra, 3(tp)
    828 0e1009a3  sb ra, 243(x0)
    829 00424083  lbu ra, 4(tp)
    830 0e100a23  sb ra, 244(x0)
    831 00524083  lbu ra, 5(tp)
    832 0e100aa3  sb ra, 245(x0)
    833 00624083  lbu ra, 6(tp)
    834 0e100b23  sb ra, 246(x0)
    835 00724083  lbu ra, 7(tp)
    836 0e100ba3  sb ra, 247(x0)
    837 00824083  lbu ra, 8(tp)
    838 0e100c23  sb ra, 248(x0)
    839 00924083  lbu ra, 9(tp)
    840 0e100ca3  sb ra, 249(x0)
    841 00a24083  lbu ra, 10(tp)
    842 0e100d23  sb ra, 250(x0)
    843 00b24083  lbu ra, 11(tp)
    844 0e100da3  sb ra, 251(x0)
    845 00c24083  lbu ra, 12(tp)
    846 0e100e23  sb ra, 252(x0)
    847 00d24083  lbu ra, 13(tp)
    848 0e100ea3  sb ra, 253(x0)
    849 00e24083  lbu ra, 14(tp)
    850 0e100f23  sb ra, 254(x0)
    851 00f24083  lbu ra, 15(tp)
    852 0e100fa3  sb ra, 255(x0)
    853 01024083  lbu ra, 16(tp)
    854 0e1007a3  sb ra, 239(x0)
    855 003a9193  slli gp, s5, 3
    856 0002f237  lui tp, 0x2f
    857 b0020213  addi tp, tp, -1280
    858 004181b3  add gp, gp, tp
    859 0001bc83  ld s9, 0(gp)
    860 00000b93  addi s7, x0, 0
top_step_loop:
    861 039b8a63  beq s7, s9, +52
    862 001b8b93  addi s7, s7, 1
    863 008a9193  slli gp, s5, 8
    864 017181b3  add gp, gp, s7
    865 fff18193  addi gp, gp, -1
    866 0c302223  sw gp, 196(x0)
    867 0c000513  addi a0, x0, 192
    868 04000593  addi a1, x0, 64
    869 0f000613  addi a2, x0, 240
    870 00000073  ecall
    871 10004183  lbu gp, 256(x0)
    872 0e3007a3  sb gp, 239(x0)
    873 fd1ff06f  jal x0, -48
top_step_done:
    874 02da1a63  bne s4, a3, +52
    875 039b9863  bne s7, s9, +48
    876 71003203  ld tp, 1808(x0)
    877 004a9193  slli gp, s5, 4
    878 00320233  add tp, tp, gp
    879 0f003083  ld ra, 240(x0)
    880 00123023  sd ra, 0(tp)
    881 0f803083  ld ra, 248(x0)
    882 00123423  sd ra, 8(tp)
    883 71803203  ld tp, 1816(x0)
    884 01520233  add tp, tp, s5
    885 0ef04183  lbu gp, 239(x0)
    886 00320023  sb gp, 0(tp)
top_cap_11:
    887 001a8a93  addi s5, s5, 1
    888 02b00193  addi gp, x0, 43
    889 ec3a9ee3  bne s5, gp, -292
        ; layer 0: path from the cache (masked nodes)
    890 00000993  addi s3, x0, 0
    891 000018b7  lui a7, 0x1
    892 80088893  addi a7, a7, -2048
    893 00000793  addi a5, x0, 0
top_path_loop:
    894 00f6d833  srl a6, a3, a5
    895 00184813  xori a6, a6, 1
    896 02079193  slli gp, a5, 32
    897 68118193  addi gp, gp, 1665
    898 68018193  addi gp, gp, 1664
    899 6c303823  sd gp, 1744(x0)
    900 02081193  slli gp, a6, 32
    901 6c303c23  sd gp, 1752(x0)
    902 6d000513  addi a0, x0, 1744
    903 04000593  addi a1, x0, 64
    904 14000613  addi a2, x0, 320
    905 00000073  ecall
    906 01098e33  add t3, s3, a6
    907 004e1193  slli gp, t3, 4
    908 00004237  lui tp, 0x4
    909 d7820213  addi tp, tp, -648
    910 004181b3  add gp, gp, tp
    911 72003203  ld tp, 1824(x0)
    912 00479113  slli sp, a5, 4
    913 00220233  add tp, tp, sp
    914 0001b083  ld ra, 0(gp)
    915 14003103  ld sp, 320(x0)
    916 0020c0b3  xor ra, ra, sp
    917 00123023  sd ra, 0(tp)
    918 0081b083  ld ra, 8(gp)
    919 14803103  ld sp, 328(x0)
    920 0020c0b3  xor ra, ra, sp
    921 00123423  sd ra, 8(tp)
    922 000141b7  lui gp, 0x14
    923 d5818193  addi gp, gp, -680
    924 01c181b3  add gp, gp, t3
    925 0001c083  lbu ra, 0(gp)
    926 15004103  lbu sp, 336(x0)
    927 0020c0b3  xor ra, ra, sp
    928 0010f093  andi ra, ra, 1
    929 72803203  ld tp, 1832(x0)
    930 00f20233  add tp, tp, a5
    931 00120023  sb ra, 0(tp)
    932 011989b3  add s3, s3, a7
    933 0018d893  srli a7, a7, 1
    934 00178793  addi a5, a5, 1
    935 00b00193  addi gp, x0, 11
    936 f4379ce3  bne a5, gp, -168
    937 000151b7  lui gp, 0x15
    938 d5818193  addi gp, gp, -680
    939 0001e083  lwu ra, 0(gp)
    940 000261b7  lui gp, 0x26
    941 83418193  addi gp, gp, -1996
    942 0011a023  sw ra, 0(gp)
        ; pack: copy the core, then the bit field
    943 00002937  lui s2, 0x2
    944 2f890913  addi s2, s2, 760
    945 000249b7  lui s3, 0x24
    946 e0098993  addi s3, s3, -512
    947 34200313  addi t1, x0, 834
pack_copy:
    948 0009b183  ld gp, 0(s3)
    949 00393023  sd gp, 0(s2)
    950 00898993  addi s3, s3, 8
    951 00890913  addi s2, s2, 8
    952 fff30313  addi t1, t1, -1
    953 fe0316e3  bne t1, x0, -20
    954 0009c183  lbu gp, 0(s3)
    955 00390023  sb gp, 0(s2)
    956 0019c183  lbu gp, 1(s3)
    957 003900a3  sb gp, 1(s2)
    958 0029c183  lbu gp, 2(s3)
    959 00390123  sb gp, 2(s2)
    960 0039c183  lbu gp, 3(s3)
    961 003901a3  sb gp, 3(s2)
    962 0049c183  lbu gp, 4(s3)
    963 00390223  sb gp, 4(s2)
    964 0059c183  lbu gp, 5(s3)
    965 003902a3  sb gp, 5(s2)
    966 0069c183  lbu gp, 6(s3)
    967 00390323  sb gp, 6(s2)
    968 00000a13  addi s4, x0, 0
    969 00024eb7  lui t4, 0x24
    970 e00e8e93  addi t4, t4, -512
    971 00002e37  lui t3, 0x2
    972 a18e0e13  addi t3, t3, -1512
    973 01de0e33  add t3, t3, t4
    974 00000493  addi s1, x0, 0
    975 00100893  addi a7, x0, 1
    976 250010ef  jal ra, +4688
    977 00002e37  lui t3, 0x2
    978 a1ce0e13  addi t3, t3, -1508
    979 01de0e33  add t3, t3, t4
    980 00100493  addi s1, x0, 1
    981 01400893  addi a7, x0, 20
    982 238010ef  jal ra, +4664
    983 00002e37  lui t3, 0x2
    984 a34e0e13  addi t3, t3, -1484
    985 01de0e33  add t3, t3, t4
    986 00100493  addi s1, x0, 1
    987 00800893  addi a7, x0, 8
    988 220010ef  jal ra, +4640
    989 00002e37  lui t3, 0x2
    990 a20e0e13  addi t3, t3, -1504
    991 01de0e33  add t3, t3, t4
    992 00100493  addi s1, x0, 1
    993 01600893  addi a7, x0, 22
    994 208010ef  jal ra, +4616
    995 00002e37  lui t3, 0x2
    996 a24e0e13  addi t3, t3, -1500
    997 01de0e33  add t3, t3, t4
    998 00100493  addi s1, x0, 1
    999 01600893  addi a7, x0, 22
   1000 1f0010ef  jal ra, +4592
   1001 00002e37  lui t3, 0x2
   1002 a28e0e13  addi t3, t3, -1496
   1003 01de0e33  add t3, t3, t4
   1004 00100493  addi s1, x0, 1
   1005 01600893  addi a7, x0, 22
   1006 1d8010ef  jal ra, +4568
   1007 00002e37  lui t3, 0x2
   1008 a2ce0e13  addi t3, t3, -1492
   1009 01de0e33  add t3, t3, t4
   1010 00100493  addi s1, x0, 1
   1011 01600893  addi a7, x0, 22
   1012 1c0010ef  jal ra, +4544
   1013 00002e37  lui t3, 0x2
   1014 a30e0e13  addi t3, t3, -1488
   1015 01de0e33  add t3, t3, t4
   1016 00100493  addi s1, x0, 1
   1017 01600893  addi a7, x0, 22
   1018 1a8010ef  jal ra, +4520
   1019 00002e37  lui t3, 0x2
   1020 a38e0e13  addi t3, t3, -1480
   1021 01de0e33  add t3, t3, t4
   1022 00000493  addi s1, x0, 0
   1023 00100893  addi a7, x0, 1
   1024 190010ef  jal ra, +4496
   1025 00002e37  lui t3, 0x2
   1026 a39e0e13  addi t3, t3, -1479
   1027 01de0e33  add t3, t3, t4
   1028 00000493  addi s1, x0, 0
   1029 00100893  addi a7, x0, 1
   1030 178010ef  jal ra, +4472
   1031 00002e37  lui t3, 0x2
   1032 a3ae0e13  addi t3, t3, -1478
   1033 01de0e33  add t3, t3, t4
   1034 00000493  addi s1, x0, 0
   1035 00100893  addi a7, x0, 1
   1036 160010ef  jal ra, +4448
   1037 00002e37  lui t3, 0x2
   1038 a3be0e13  addi t3, t3, -1477
   1039 01de0e33  add t3, t3, t4
   1040 00000493  addi s1, x0, 0
   1041 00100893  addi a7, x0, 1
   1042 148010ef  jal ra, +4424
   1043 00002e37  lui t3, 0x2
   1044 a3ce0e13  addi t3, t3, -1476
   1045 01de0e33  add t3, t3, t4
   1046 00000493  addi s1, x0, 0
   1047 00100893  addi a7, x0, 1
   1048 130010ef  jal ra, +4400
   1049 00002e37  lui t3, 0x2
   1050 a3de0e13  addi t3, t3, -1475
   1051 01de0e33  add t3, t3, t4
   1052 00000493  addi s1, x0, 0
   1053 00100893  addi a7, x0, 1
   1054 118010ef  jal ra, +4376
   1055 00002e37  lui t3, 0x2
   1056 a3ee0e13  addi t3, t3, -1474
   1057 01de0e33  add t3, t3, t4
   1058 00000493  addi s1, x0, 0
   1059 00100893  addi a7, x0, 1
   1060 100010ef  jal ra, +4352
   1061 00002e37  lui t3, 0x2
   1062 a3fe0e13  addi t3, t3, -1473
   1063 01de0e33  add t3, t3, t4
   1064 00000493  addi s1, x0, 0
   1065 00100893  addi a7, x0, 1
   1066 0e8010ef  jal ra, +4328
   1067 00002e37  lui t3, 0x2
   1068 a40e0e13  addi t3, t3, -1472
   1069 01de0e33  add t3, t3, t4
   1070 00000493  addi s1, x0, 0
   1071 00100893  addi a7, x0, 1
   1072 0d0010ef  jal ra, +4304
   1073 00002e37  lui t3, 0x2
   1074 a41e0e13  addi t3, t3, -1471
   1075 01de0e33  add t3, t3, t4
   1076 00000493  addi s1, x0, 0
   1077 00100893  addi a7, x0, 1
   1078 0b8010ef  jal ra, +4280
   1079 00002e37  lui t3, 0x2
   1080 a42e0e13  addi t3, t3, -1470
   1081 01de0e33  add t3, t3, t4
   1082 00000493  addi s1, x0, 0
   1083 00100893  addi a7, x0, 1
   1084 0a0010ef  jal ra, +4256
   1085 00002e37  lui t3, 0x2
   1086 a43e0e13  addi t3, t3, -1469
   1087 01de0e33  add t3, t3, t4
   1088 00000493  addi s1, x0, 0
   1089 00100893  addi a7, x0, 1
   1090 088010ef  jal ra, +4232
   1091 00002e37  lui t3, 0x2
   1092 a44e0e13  addi t3, t3, -1468
   1093 01de0e33  add t3, t3, t4
   1094 00000493  addi s1, x0, 0
   1095 00100893  addi a7, x0, 1
   1096 070010ef  jal ra, +4208
   1097 00002e37  lui t3, 0x2
   1098 a45e0e13  addi t3, t3, -1467
   1099 01de0e33  add t3, t3, t4
   1100 00000493  addi s1, x0, 0
   1101 00100893  addi a7, x0, 1
   1102 058010ef  jal ra, +4184
   1103 00002e37  lui t3, 0x2
   1104 a46e0e13  addi t3, t3, -1466
   1105 01de0e33  add t3, t3, t4
   1106 00000493  addi s1, x0, 0
   1107 00100893  addi a7, x0, 1
   1108 040010ef  jal ra, +4160
   1109 00002e37  lui t3, 0x2
   1110 a47e0e13  addi t3, t3, -1465
   1111 01de0e33  add t3, t3, t4
   1112 00000493  addi s1, x0, 0
   1113 00100893  addi a7, x0, 1
   1114 028010ef  jal ra, +4136
   1115 00002e37  lui t3, 0x2
   1116 a48e0e13  addi t3, t3, -1464
   1117 01de0e33  add t3, t3, t4
   1118 00000493  addi s1, x0, 0
   1119 00100893  addi a7, x0, 1
   1120 010010ef  jal ra, +4112
   1121 00002e37  lui t3, 0x2
   1122 a49e0e13  addi t3, t3, -1463
   1123 01de0e33  add t3, t3, t4
   1124 00000493  addi s1, x0, 0
   1125 00100893  addi a7, x0, 1
   1126 7f9000ef  jal ra, +4088
   1127 00002e37  lui t3, 0x2
   1128 a4ae0e13  addi t3, t3, -1462
   1129 01de0e33  add t3, t3, t4
   1130 00000493  addi s1, x0, 0
   1131 00100893  addi a7, x0, 1
   1132 7e1000ef  jal ra, +4064
   1133 00002e37  lui t3, 0x2
   1134 a4be0e13  addi t3, t3, -1461
   1135 01de0e33  add t3, t3, t4
   1136 00000493  addi s1, x0, 0
   1137 00100893  addi a7, x0, 1
   1138 7c9000ef  jal ra, +4040
   1139 00002e37  lui t3, 0x2
   1140 a4ce0e13  addi t3, t3, -1460
   1141 01de0e33  add t3, t3, t4
   1142 00000493  addi s1, x0, 0
   1143 00100893  addi a7, x0, 1
   1144 7b1000ef  jal ra, +4016
   1145 00002e37  lui t3, 0x2
   1146 a4de0e13  addi t3, t3, -1459
   1147 01de0e33  add t3, t3, t4
   1148 00000493  addi s1, x0, 0
   1149 00100893  addi a7, x0, 1
   1150 799000ef  jal ra, +3992
   1151 00002e37  lui t3, 0x2
   1152 a4ee0e13  addi t3, t3, -1458
   1153 01de0e33  add t3, t3, t4
   1154 00000493  addi s1, x0, 0
   1155 00100893  addi a7, x0, 1
   1156 781000ef  jal ra, +3968
   1157 00002e37  lui t3, 0x2
   1158 a4fe0e13  addi t3, t3, -1457
   1159 01de0e33  add t3, t3, t4
   1160 00000493  addi s1, x0, 0
   1161 00100893  addi a7, x0, 1
   1162 769000ef  jal ra, +3944
   1163 00002e37  lui t3, 0x2
   1164 a50e0e13  addi t3, t3, -1456
   1165 01de0e33  add t3, t3, t4
   1166 00000493  addi s1, x0, 0
   1167 00100893  addi a7, x0, 1
   1168 751000ef  jal ra, +3920
   1169 00002e37  lui t3, 0x2
   1170 a51e0e13  addi t3, t3, -1455
   1171 01de0e33  add t3, t3, t4
   1172 00000493  addi s1, x0, 0
   1173 00100893  addi a7, x0, 1
   1174 739000ef  jal ra, +3896
   1175 00002e37  lui t3, 0x2
   1176 a52e0e13  addi t3, t3, -1454
   1177 01de0e33  add t3, t3, t4
   1178 00000493  addi s1, x0, 0
   1179 00100893  addi a7, x0, 1
   1180 721000ef  jal ra, +3872
   1181 00002e37  lui t3, 0x2
   1182 a53e0e13  addi t3, t3, -1453
   1183 01de0e33  add t3, t3, t4
   1184 00000493  addi s1, x0, 0
   1185 00100893  addi a7, x0, 1
   1186 709000ef  jal ra, +3848
   1187 00002e37  lui t3, 0x2
   1188 a54e0e13  addi t3, t3, -1452
   1189 01de0e33  add t3, t3, t4
   1190 00000493  addi s1, x0, 0
   1191 00100893  addi a7, x0, 1
   1192 6f1000ef  jal ra, +3824
   1193 00002e37  lui t3, 0x2
   1194 a55e0e13  addi t3, t3, -1451
   1195 01de0e33  add t3, t3, t4
   1196 00000493  addi s1, x0, 0
   1197 00100893  addi a7, x0, 1
   1198 6d9000ef  jal ra, +3800
   1199 00002e37  lui t3, 0x2
   1200 a56e0e13  addi t3, t3, -1450
   1201 01de0e33  add t3, t3, t4
   1202 00000493  addi s1, x0, 0
   1203 00100893  addi a7, x0, 1
   1204 6c1000ef  jal ra, +3776
   1205 00002e37  lui t3, 0x2
   1206 a57e0e13  addi t3, t3, -1449
   1207 01de0e33  add t3, t3, t4
   1208 00000493  addi s1, x0, 0
   1209 00100893  addi a7, x0, 1
   1210 6a9000ef  jal ra, +3752
   1211 00002e37  lui t3, 0x2
   1212 a58e0e13  addi t3, t3, -1448
   1213 01de0e33  add t3, t3, t4
   1214 00000493  addi s1, x0, 0
   1215 00100893  addi a7, x0, 1
   1216 691000ef  jal ra, +3728
   1217 00002e37  lui t3, 0x2
   1218 a59e0e13  addi t3, t3, -1447
   1219 01de0e33  add t3, t3, t4
   1220 00000493  addi s1, x0, 0
   1221 00100893  addi a7, x0, 1
   1222 679000ef  jal ra, +3704
   1223 00002e37  lui t3, 0x2
   1224 a5ae0e13  addi t3, t3, -1446
   1225 01de0e33  add t3, t3, t4
   1226 00000493  addi s1, x0, 0
   1227 00100893  addi a7, x0, 1
   1228 661000ef  jal ra, +3680
   1229 00002e37  lui t3, 0x2
   1230 a5be0e13  addi t3, t3, -1445
   1231 01de0e33  add t3, t3, t4
   1232 00000493  addi s1, x0, 0
   1233 00100893  addi a7, x0, 1
   1234 649000ef  jal ra, +3656
   1235 00002e37  lui t3, 0x2
   1236 a5ce0e13  addi t3, t3, -1444
   1237 01de0e33  add t3, t3, t4
   1238 00000493  addi s1, x0, 0
   1239 00100893  addi a7, x0, 1
   1240 631000ef  jal ra, +3632
   1241 00002e37  lui t3, 0x2
   1242 a5de0e13  addi t3, t3, -1443
   1243 01de0e33  add t3, t3, t4
   1244 00000493  addi s1, x0, 0
   1245 00100893  addi a7, x0, 1
   1246 619000ef  jal ra, +3608
   1247 00002e37  lui t3, 0x2
   1248 a5ee0e13  addi t3, t3, -1442
   1249 01de0e33  add t3, t3, t4
   1250 00000493  addi s1, x0, 0
   1251 00100893  addi a7, x0, 1
   1252 601000ef  jal ra, +3584
   1253 00002e37  lui t3, 0x2
   1254 a5fe0e13  addi t3, t3, -1441
   1255 01de0e33  add t3, t3, t4
   1256 00000493  addi s1, x0, 0
   1257 00100893  addi a7, x0, 1
   1258 5e9000ef  jal ra, +3560
   1259 00002e37  lui t3, 0x2
   1260 a60e0e13  addi t3, t3, -1440
   1261 01de0e33  add t3, t3, t4
   1262 00000493  addi s1, x0, 0
   1263 00100893  addi a7, x0, 1
   1264 5d1000ef  jal ra, +3536
   1265 00002e37  lui t3, 0x2
   1266 a61e0e13  addi t3, t3, -1439
   1267 01de0e33  add t3, t3, t4
   1268 00000493  addi s1, x0, 0
   1269 00100893  addi a7, x0, 1
   1270 5b9000ef  jal ra, +3512
   1271 00002e37  lui t3, 0x2
   1272 a62e0e13  addi t3, t3, -1438
   1273 01de0e33  add t3, t3, t4
   1274 00000493  addi s1, x0, 0
   1275 00100893  addi a7, x0, 1
   1276 5a1000ef  jal ra, +3488
   1277 00002e37  lui t3, 0x2
   1278 a63e0e13  addi t3, t3, -1437
   1279 01de0e33  add t3, t3, t4
   1280 00000493  addi s1, x0, 0
   1281 00100893  addi a7, x0, 1
   1282 589000ef  jal ra, +3464
   1283 00002e37  lui t3, 0x2
   1284 a64e0e13  addi t3, t3, -1436
   1285 01de0e33  add t3, t3, t4
   1286 00000493  addi s1, x0, 0
   1287 00100893  addi a7, x0, 1
   1288 571000ef  jal ra, +3440
   1289 00002e37  lui t3, 0x2
   1290 a65e0e13  addi t3, t3, -1435
   1291 01de0e33  add t3, t3, t4
   1292 00000493  addi s1, x0, 0
   1293 00100893  addi a7, x0, 1
   1294 559000ef  jal ra, +3416
   1295 00002e37  lui t3, 0x2
   1296 a66e0e13  addi t3, t3, -1434
   1297 01de0e33  add t3, t3, t4
   1298 00000493  addi s1, x0, 0
   1299 00100893  addi a7, x0, 1
   1300 541000ef  jal ra, +3392
   1301 00002e37  lui t3, 0x2
   1302 a67e0e13  addi t3, t3, -1433
   1303 01de0e33  add t3, t3, t4
   1304 00000493  addi s1, x0, 0
   1305 00100893  addi a7, x0, 1
   1306 529000ef  jal ra, +3368
   1307 00002e37  lui t3, 0x2
   1308 a68e0e13  addi t3, t3, -1432
   1309 01de0e33  add t3, t3, t4
   1310 00000493  addi s1, x0, 0
   1311 00100893  addi a7, x0, 1
   1312 511000ef  jal ra, +3344
   1313 00002e37  lui t3, 0x2
   1314 a69e0e13  addi t3, t3, -1431
   1315 01de0e33  add t3, t3, t4
   1316 00000493  addi s1, x0, 0
   1317 00100893  addi a7, x0, 1
   1318 4f9000ef  jal ra, +3320
   1319 00002e37  lui t3, 0x2
   1320 a6ae0e13  addi t3, t3, -1430
   1321 01de0e33  add t3, t3, t4
   1322 00000493  addi s1, x0, 0
   1323 00100893  addi a7, x0, 1
   1324 4e1000ef  jal ra, +3296
   1325 00002e37  lui t3, 0x2
   1326 a6be0e13  addi t3, t3, -1429
   1327 01de0e33  add t3, t3, t4
   1328 00000493  addi s1, x0, 0
   1329 00100893  addi a7, x0, 1
   1330 4c9000ef  jal ra, +3272
   1331 00002e37  lui t3, 0x2
   1332 a6ce0e13  addi t3, t3, -1428
   1333 01de0e33  add t3, t3, t4
   1334 00000493  addi s1, x0, 0
   1335 00100893  addi a7, x0, 1
   1336 4b1000ef  jal ra, +3248
   1337 00002e37  lui t3, 0x2
   1338 a6de0e13  addi t3, t3, -1427
   1339 01de0e33  add t3, t3, t4
   1340 00000493  addi s1, x0, 0
   1341 00100893  addi a7, x0, 1
   1342 499000ef  jal ra, +3224
   1343 00002e37  lui t3, 0x2
   1344 a6ee0e13  addi t3, t3, -1426
   1345 01de0e33  add t3, t3, t4
   1346 00000493  addi s1, x0, 0
   1347 00100893  addi a7, x0, 1
   1348 481000ef  jal ra, +3200
   1349 00002e37  lui t3, 0x2
   1350 a6fe0e13  addi t3, t3, -1425
   1351 01de0e33  add t3, t3, t4
   1352 00000493  addi s1, x0, 0
   1353 00100893  addi a7, x0, 1
   1354 469000ef  jal ra, +3176
   1355 00002e37  lui t3, 0x2
   1356 a70e0e13  addi t3, t3, -1424
   1357 01de0e33  add t3, t3, t4
   1358 00000493  addi s1, x0, 0
   1359 00100893  addi a7, x0, 1
   1360 451000ef  jal ra, +3152
   1361 00002e37  lui t3, 0x2
   1362 a71e0e13  addi t3, t3, -1423
   1363 01de0e33  add t3, t3, t4
   1364 00000493  addi s1, x0, 0
   1365 00100893  addi a7, x0, 1
   1366 439000ef  jal ra, +3128
   1367 00002e37  lui t3, 0x2
   1368 a72e0e13  addi t3, t3, -1422
   1369 01de0e33  add t3, t3, t4
   1370 00000493  addi s1, x0, 0
   1371 00100893  addi a7, x0, 1
   1372 421000ef  jal ra, +3104
   1373 00002e37  lui t3, 0x2
   1374 a73e0e13  addi t3, t3, -1421
   1375 01de0e33  add t3, t3, t4
   1376 00000493  addi s1, x0, 0
   1377 00100893  addi a7, x0, 1
   1378 409000ef  jal ra, +3080
   1379 00002e37  lui t3, 0x2
   1380 a74e0e13  addi t3, t3, -1420
   1381 01de0e33  add t3, t3, t4
   1382 00000493  addi s1, x0, 0
   1383 00100893  addi a7, x0, 1
   1384 3f1000ef  jal ra, +3056
   1385 00002e37  lui t3, 0x2
   1386 a75e0e13  addi t3, t3, -1419
   1387 01de0e33  add t3, t3, t4
   1388 00000493  addi s1, x0, 0
   1389 00100893  addi a7, x0, 1
   1390 3d9000ef  jal ra, +3032
   1391 00002e37  lui t3, 0x2
   1392 a76e0e13  addi t3, t3, -1418
   1393 01de0e33  add t3, t3, t4
   1394 00000493  addi s1, x0, 0
   1395 00100893  addi a7, x0, 1
   1396 3c1000ef  jal ra, +3008
   1397 00002e37  lui t3, 0x2
   1398 a77e0e13  addi t3, t3, -1417
   1399 01de0e33  add t3, t3, t4
   1400 00000493  addi s1, x0, 0
   1401 00100893  addi a7, x0, 1
   1402 3a9000ef  jal ra, +2984
   1403 00002e37  lui t3, 0x2
   1404 a78e0e13  addi t3, t3, -1416
   1405 01de0e33  add t3, t3, t4
   1406 00000493  addi s1, x0, 0
   1407 00100893  addi a7, x0, 1
   1408 391000ef  jal ra, +2960
   1409 00002e37  lui t3, 0x2
   1410 a79e0e13  addi t3, t3, -1415
   1411 01de0e33  add t3, t3, t4
   1412 00000493  addi s1, x0, 0
   1413 00100893  addi a7, x0, 1
   1414 379000ef  jal ra, +2936
   1415 00002e37  lui t3, 0x2
   1416 a7ae0e13  addi t3, t3, -1414
   1417 01de0e33  add t3, t3, t4
   1418 00000493  addi s1, x0, 0
   1419 00100893  addi a7, x0, 1
   1420 361000ef  jal ra, +2912
   1421 00002e37  lui t3, 0x2
   1422 a7be0e13  addi t3, t3, -1413
   1423 01de0e33  add t3, t3, t4
   1424 00000493  addi s1, x0, 0
   1425 00100893  addi a7, x0, 1
   1426 349000ef  jal ra, +2888
   1427 00002e37  lui t3, 0x2
   1428 a7ce0e13  addi t3, t3, -1412
   1429 01de0e33  add t3, t3, t4
   1430 00000493  addi s1, x0, 0
   1431 00100893  addi a7, x0, 1
   1432 331000ef  jal ra, +2864
   1433 00002e37  lui t3, 0x2
   1434 a7de0e13  addi t3, t3, -1411
   1435 01de0e33  add t3, t3, t4
   1436 00000493  addi s1, x0, 0
   1437 00100893  addi a7, x0, 1
   1438 319000ef  jal ra, +2840
   1439 00002e37  lui t3, 0x2
   1440 a7ee0e13  addi t3, t3, -1410
   1441 01de0e33  add t3, t3, t4
   1442 00000493  addi s1, x0, 0
   1443 00100893  addi a7, x0, 1
   1444 301000ef  jal ra, +2816
   1445 00002e37  lui t3, 0x2
   1446 a7fe0e13  addi t3, t3, -1409
   1447 01de0e33  add t3, t3, t4
   1448 00000493  addi s1, x0, 0
   1449 00100893  addi a7, x0, 1
   1450 2e9000ef  jal ra, +2792
   1451 00002e37  lui t3, 0x2
   1452 a80e0e13  addi t3, t3, -1408
   1453 01de0e33  add t3, t3, t4
   1454 00000493  addi s1, x0, 0
   1455 00100893  addi a7, x0, 1
   1456 2d1000ef  jal ra, +2768
   1457 00002e37  lui t3, 0x2
   1458 a81e0e13  addi t3, t3, -1407
   1459 01de0e33  add t3, t3, t4
   1460 00000493  addi s1, x0, 0
   1461 00100893  addi a7, x0, 1
   1462 2b9000ef  jal ra, +2744
   1463 00002e37  lui t3, 0x2
   1464 a82e0e13  addi t3, t3, -1406
   1465 01de0e33  add t3, t3, t4
   1466 00000493  addi s1, x0, 0
   1467 00100893  addi a7, x0, 1
   1468 2a1000ef  jal ra, +2720
   1469 00002e37  lui t3, 0x2
   1470 a83e0e13  addi t3, t3, -1405
   1471 01de0e33  add t3, t3, t4
   1472 00000493  addi s1, x0, 0
   1473 00100893  addi a7, x0, 1
   1474 289000ef  jal ra, +2696
   1475 00002e37  lui t3, 0x2
   1476 a84e0e13  addi t3, t3, -1404
   1477 01de0e33  add t3, t3, t4
   1478 00000493  addi s1, x0, 0
   1479 00100893  addi a7, x0, 1
   1480 271000ef  jal ra, +2672
   1481 00002e37  lui t3, 0x2
   1482 a85e0e13  addi t3, t3, -1403
   1483 01de0e33  add t3, t3, t4
   1484 00000493  addi s1, x0, 0
   1485 00100893  addi a7, x0, 1
   1486 259000ef  jal ra, +2648
   1487 00002e37  lui t3, 0x2
   1488 a86e0e13  addi t3, t3, -1402
   1489 01de0e33  add t3, t3, t4
   1490 00000493  addi s1, x0, 0
   1491 00100893  addi a7, x0, 1
   1492 241000ef  jal ra, +2624
   1493 00002e37  lui t3, 0x2
   1494 a87e0e13  addi t3, t3, -1401
   1495 01de0e33  add t3, t3, t4
   1496 00000493  addi s1, x0, 0
   1497 00100893  addi a7, x0, 1
   1498 229000ef  jal ra, +2600
   1499 00002e37  lui t3, 0x2
   1500 a88e0e13  addi t3, t3, -1400
   1501 01de0e33  add t3, t3, t4
   1502 00000493  addi s1, x0, 0
   1503 00100893  addi a7, x0, 1
   1504 211000ef  jal ra, +2576
   1505 00002e37  lui t3, 0x2
   1506 a89e0e13  addi t3, t3, -1399
   1507 01de0e33  add t3, t3, t4
   1508 00000493  addi s1, x0, 0
   1509 00100893  addi a7, x0, 1
   1510 1f9000ef  jal ra, +2552
   1511 00002e37  lui t3, 0x2
   1512 a8ae0e13  addi t3, t3, -1398
   1513 01de0e33  add t3, t3, t4
   1514 00000493  addi s1, x0, 0
   1515 00100893  addi a7, x0, 1
   1516 1e1000ef  jal ra, +2528
   1517 00002e37  lui t3, 0x2
   1518 a8be0e13  addi t3, t3, -1397
   1519 01de0e33  add t3, t3, t4
   1520 00000493  addi s1, x0, 0
   1521 00100893  addi a7, x0, 1
   1522 1c9000ef  jal ra, +2504
   1523 00002e37  lui t3, 0x2
   1524 a8ce0e13  addi t3, t3, -1396
   1525 01de0e33  add t3, t3, t4
   1526 00000493  addi s1, x0, 0
   1527 00100893  addi a7, x0, 1
   1528 1b1000ef  jal ra, +2480
   1529 00002e37  lui t3, 0x2
   1530 a8de0e13  addi t3, t3, -1395
   1531 01de0e33  add t3, t3, t4
   1532 00000493  addi s1, x0, 0
   1533 00100893  addi a7, x0, 1
   1534 199000ef  jal ra, +2456
   1535 00002e37  lui t3, 0x2
   1536 a8ee0e13  addi t3, t3, -1394
   1537 01de0e33  add t3, t3, t4
   1538 00000493  addi s1, x0, 0
   1539 00100893  addi a7, x0, 1
   1540 181000ef  jal ra, +2432
   1541 00002e37  lui t3, 0x2
   1542 a8fe0e13  addi t3, t3, -1393
   1543 01de0e33  add t3, t3, t4
   1544 00000493  addi s1, x0, 0
   1545 00100893  addi a7, x0, 1
   1546 169000ef  jal ra, +2408
   1547 00002e37  lui t3, 0x2
   1548 a90e0e13  addi t3, t3, -1392
   1549 01de0e33  add t3, t3, t4
   1550 00000493  addi s1, x0, 0
   1551 00100893  addi a7, x0, 1
   1552 151000ef  jal ra, +2384
   1553 00002e37  lui t3, 0x2
   1554 a91e0e13  addi t3, t3, -1391
   1555 01de0e33  add t3, t3, t4
   1556 00000493  addi s1, x0, 0
   1557 00100893  addi a7, x0, 1
   1558 139000ef  jal ra, +2360
   1559 00002e37  lui t3, 0x2
   1560 a92e0e13  addi t3, t3, -1390
   1561 01de0e33  add t3, t3, t4
   1562 00000493  addi s1, x0, 0
   1563 00100893  addi a7, x0, 1
   1564 121000ef  jal ra, +2336
   1565 00002e37  lui t3, 0x2
   1566 a93e0e13  addi t3, t3, -1389
   1567 01de0e33  add t3, t3, t4
   1568 00000493  addi s1, x0, 0
   1569 00100893  addi a7, x0, 1
   1570 109000ef  jal ra, +2312
   1571 00002e37  lui t3, 0x2
   1572 a94e0e13  addi t3, t3, -1388
   1573 01de0e33  add t3, t3, t4
   1574 00000493  addi s1, x0, 0
   1575 00100893  addi a7, x0, 1
   1576 0f1000ef  jal ra, +2288
   1577 00002e37  lui t3, 0x2
   1578 a95e0e13  addi t3, t3, -1387
   1579 01de0e33  add t3, t3, t4
   1580 00000493  addi s1, x0, 0
   1581 00100893  addi a7, x0, 1
   1582 0d9000ef  jal ra, +2264
   1583 00002e37  lui t3, 0x2
   1584 a96e0e13  addi t3, t3, -1386
   1585 01de0e33  add t3, t3, t4
   1586 00000493  addi s1, x0, 0
   1587 00100893  addi a7, x0, 1
   1588 0c1000ef  jal ra, +2240
   1589 00002e37  lui t3, 0x2
   1590 a97e0e13  addi t3, t3, -1385
   1591 01de0e33  add t3, t3, t4
   1592 00000493  addi s1, x0, 0
   1593 00100893  addi a7, x0, 1
   1594 0a9000ef  jal ra, +2216
   1595 00002e37  lui t3, 0x2
   1596 a98e0e13  addi t3, t3, -1384
   1597 01de0e33  add t3, t3, t4
   1598 00000493  addi s1, x0, 0
   1599 00100893  addi a7, x0, 1
   1600 091000ef  jal ra, +2192
   1601 00002e37  lui t3, 0x2
   1602 a99e0e13  addi t3, t3, -1383
   1603 01de0e33  add t3, t3, t4
   1604 00000493  addi s1, x0, 0
   1605 00100893  addi a7, x0, 1
   1606 079000ef  jal ra, +2168
   1607 00002e37  lui t3, 0x2
   1608 a9ae0e13  addi t3, t3, -1382
   1609 01de0e33  add t3, t3, t4
   1610 00000493  addi s1, x0, 0
   1611 00100893  addi a7, x0, 1
   1612 061000ef  jal ra, +2144
   1613 00002e37  lui t3, 0x2
   1614 a9be0e13  addi t3, t3, -1381
   1615 01de0e33  add t3, t3, t4
   1616 00000493  addi s1, x0, 0
   1617 00100893  addi a7, x0, 1
   1618 049000ef  jal ra, +2120
   1619 00002e37  lui t3, 0x2
   1620 a9ce0e13  addi t3, t3, -1380
   1621 01de0e33  add t3, t3, t4
   1622 00000493  addi s1, x0, 0
   1623 00100893  addi a7, x0, 1
   1624 031000ef  jal ra, +2096
   1625 00002e37  lui t3, 0x2
   1626 a9de0e13  addi t3, t3, -1379
   1627 01de0e33  add t3, t3, t4
   1628 00000493  addi s1, x0, 0
   1629 00100893  addi a7, x0, 1
   1630 019000ef  jal ra, +2072
   1631 00002e37  lui t3, 0x2
   1632 a9ee0e13  addi t3, t3, -1378
   1633 01de0e33  add t3, t3, t4
   1634 00000493  addi s1, x0, 0
   1635 00100893  addi a7, x0, 1
   1636 001000ef  jal ra, +2048
   1637 00002e37  lui t3, 0x2
   1638 a9fe0e13  addi t3, t3, -1377
   1639 01de0e33  add t3, t3, t4
   1640 00000493  addi s1, x0, 0
   1641 00100893  addi a7, x0, 1
   1642 7e8000ef  jal ra, +2024
   1643 00002e37  lui t3, 0x2
   1644 aa0e0e13  addi t3, t3, -1376
   1645 01de0e33  add t3, t3, t4
   1646 00000493  addi s1, x0, 0
   1647 00100893  addi a7, x0, 1
   1648 7d0000ef  jal ra, +2000
   1649 00002e37  lui t3, 0x2
   1650 aa1e0e13  addi t3, t3, -1375
   1651 01de0e33  add t3, t3, t4
   1652 00000493  addi s1, x0, 0
   1653 00100893  addi a7, x0, 1
   1654 7b8000ef  jal ra, +1976
   1655 00002e37  lui t3, 0x2
   1656 aa2e0e13  addi t3, t3, -1374
   1657 01de0e33  add t3, t3, t4
   1658 00000493  addi s1, x0, 0
   1659 00100893  addi a7, x0, 1
   1660 7a0000ef  jal ra, +1952
   1661 00002e37  lui t3, 0x2
   1662 aa3e0e13  addi t3, t3, -1373
   1663 01de0e33  add t3, t3, t4
   1664 00000493  addi s1, x0, 0
   1665 00100893  addi a7, x0, 1
   1666 788000ef  jal ra, +1928
   1667 00002e37  lui t3, 0x2
   1668 aa4e0e13  addi t3, t3, -1372
   1669 01de0e33  add t3, t3, t4
   1670 00000493  addi s1, x0, 0
   1671 00100893  addi a7, x0, 1
   1672 770000ef  jal ra, +1904
   1673 00002e37  lui t3, 0x2
   1674 aa5e0e13  addi t3, t3, -1371
   1675 01de0e33  add t3, t3, t4
   1676 00000493  addi s1, x0, 0
   1677 00100893  addi a7, x0, 1
   1678 758000ef  jal ra, +1880
   1679 00002e37  lui t3, 0x2
   1680 aa6e0e13  addi t3, t3, -1370
   1681 01de0e33  add t3, t3, t4
   1682 00000493  addi s1, x0, 0
   1683 00100893  addi a7, x0, 1
   1684 740000ef  jal ra, +1856
   1685 00002e37  lui t3, 0x2
   1686 aa7e0e13  addi t3, t3, -1369
   1687 01de0e33  add t3, t3, t4
   1688 00000493  addi s1, x0, 0
   1689 00100893  addi a7, x0, 1
   1690 728000ef  jal ra, +1832
   1691 00002e37  lui t3, 0x2
   1692 aa8e0e13  addi t3, t3, -1368
   1693 01de0e33  add t3, t3, t4
   1694 00000493  addi s1, x0, 0
   1695 00100893  addi a7, x0, 1
   1696 710000ef  jal ra, +1808
   1697 00002e37  lui t3, 0x2
   1698 aa9e0e13  addi t3, t3, -1367
   1699 01de0e33  add t3, t3, t4
   1700 00000493  addi s1, x0, 0
   1701 00100893  addi a7, x0, 1
   1702 6f8000ef  jal ra, +1784
   1703 00002e37  lui t3, 0x2
   1704 aaae0e13  addi t3, t3, -1366
   1705 01de0e33  add t3, t3, t4
   1706 00000493  addi s1, x0, 0
   1707 00100893  addi a7, x0, 1
   1708 6e0000ef  jal ra, +1760
   1709 00002e37  lui t3, 0x2
   1710 aabe0e13  addi t3, t3, -1365
   1711 01de0e33  add t3, t3, t4
   1712 00000493  addi s1, x0, 0
   1713 00100893  addi a7, x0, 1
   1714 6c8000ef  jal ra, +1736
   1715 00002e37  lui t3, 0x2
   1716 aace0e13  addi t3, t3, -1364
   1717 01de0e33  add t3, t3, t4
   1718 00000493  addi s1, x0, 0
   1719 00100893  addi a7, x0, 1
   1720 6b0000ef  jal ra, +1712
   1721 00002e37  lui t3, 0x2
   1722 aade0e13  addi t3, t3, -1363
   1723 01de0e33  add t3, t3, t4
   1724 00000493  addi s1, x0, 0
   1725 00100893  addi a7, x0, 1
   1726 698000ef  jal ra, +1688
   1727 00002e37  lui t3, 0x2
   1728 aaee0e13  addi t3, t3, -1362
   1729 01de0e33  add t3, t3, t4
   1730 00000493  addi s1, x0, 0
   1731 00100893  addi a7, x0, 1
   1732 680000ef  jal ra, +1664
   1733 00002e37  lui t3, 0x2
   1734 aafe0e13  addi t3, t3, -1361
   1735 01de0e33  add t3, t3, t4
   1736 00000493  addi s1, x0, 0
   1737 00100893  addi a7, x0, 1
   1738 668000ef  jal ra, +1640
   1739 00002e37  lui t3, 0x2
   1740 ab0e0e13  addi t3, t3, -1360
   1741 01de0e33  add t3, t3, t4
   1742 00000493  addi s1, x0, 0
   1743 00100893  addi a7, x0, 1
   1744 650000ef  jal ra, +1616
   1745 00002e37  lui t3, 0x2
   1746 ab1e0e13  addi t3, t3, -1359
   1747 01de0e33  add t3, t3, t4
   1748 00000493  addi s1, x0, 0
   1749 00100893  addi a7, x0, 1
   1750 638000ef  jal ra, +1592
   1751 00002e37  lui t3, 0x2
   1752 ab2e0e13  addi t3, t3, -1358
   1753 01de0e33  add t3, t3, t4
   1754 00000493  addi s1, x0, 0
   1755 00100893  addi a7, x0, 1
   1756 620000ef  jal ra, +1568
   1757 00002e37  lui t3, 0x2
   1758 ab3e0e13  addi t3, t3, -1357
   1759 01de0e33  add t3, t3, t4
   1760 00000493  addi s1, x0, 0
   1761 00100893  addi a7, x0, 1
   1762 608000ef  jal ra, +1544
   1763 00002e37  lui t3, 0x2
   1764 ab4e0e13  addi t3, t3, -1356
   1765 01de0e33  add t3, t3, t4
   1766 00000493  addi s1, x0, 0
   1767 00100893  addi a7, x0, 1
   1768 5f0000ef  jal ra, +1520
   1769 00002e37  lui t3, 0x2
   1770 ab5e0e13  addi t3, t3, -1355
   1771 01de0e33  add t3, t3, t4
   1772 00000493  addi s1, x0, 0
   1773 00100893  addi a7, x0, 1
   1774 5d8000ef  jal ra, +1496
   1775 00002e37  lui t3, 0x2
   1776 ab6e0e13  addi t3, t3, -1354
   1777 01de0e33  add t3, t3, t4
   1778 00000493  addi s1, x0, 0
   1779 00100893  addi a7, x0, 1
   1780 5c0000ef  jal ra, +1472
   1781 00002e37  lui t3, 0x2
   1782 ab7e0e13  addi t3, t3, -1353
   1783 01de0e33  add t3, t3, t4
   1784 00000493  addi s1, x0, 0
   1785 00100893  addi a7, x0, 1
   1786 5a8000ef  jal ra, +1448
   1787 00002e37  lui t3, 0x2
   1788 ab8e0e13  addi t3, t3, -1352
   1789 01de0e33  add t3, t3, t4
   1790 00000493  addi s1, x0, 0
   1791 00100893  addi a7, x0, 1
   1792 590000ef  jal ra, +1424
   1793 00002e37  lui t3, 0x2
   1794 ab9e0e13  addi t3, t3, -1351
   1795 01de0e33  add t3, t3, t4
   1796 00000493  addi s1, x0, 0
   1797 00100893  addi a7, x0, 1
   1798 578000ef  jal ra, +1400
   1799 00002e37  lui t3, 0x2
   1800 abae0e13  addi t3, t3, -1350
   1801 01de0e33  add t3, t3, t4
   1802 00000493  addi s1, x0, 0
   1803 00100893  addi a7, x0, 1
   1804 560000ef  jal ra, +1376
   1805 00002e37  lui t3, 0x2
   1806 abbe0e13  addi t3, t3, -1349
   1807 01de0e33  add t3, t3, t4
   1808 00000493  addi s1, x0, 0
   1809 00100893  addi a7, x0, 1
   1810 548000ef  jal ra, +1352
   1811 00002e37  lui t3, 0x2
   1812 abce0e13  addi t3, t3, -1348
   1813 01de0e33  add t3, t3, t4
   1814 00000493  addi s1, x0, 0
   1815 00100893  addi a7, x0, 1
   1816 530000ef  jal ra, +1328
   1817 00002e37  lui t3, 0x2
   1818 abde0e13  addi t3, t3, -1347
   1819 01de0e33  add t3, t3, t4
   1820 00000493  addi s1, x0, 0
   1821 00100893  addi a7, x0, 1
   1822 518000ef  jal ra, +1304
   1823 00002e37  lui t3, 0x2
   1824 abee0e13  addi t3, t3, -1346
   1825 01de0e33  add t3, t3, t4
   1826 00000493  addi s1, x0, 0
   1827 00100893  addi a7, x0, 1
   1828 500000ef  jal ra, +1280
   1829 00002e37  lui t3, 0x2
   1830 abfe0e13  addi t3, t3, -1345
   1831 01de0e33  add t3, t3, t4
   1832 00000493  addi s1, x0, 0
   1833 00100893  addi a7, x0, 1
   1834 4e8000ef  jal ra, +1256
   1835 00002e37  lui t3, 0x2
   1836 ac0e0e13  addi t3, t3, -1344
   1837 01de0e33  add t3, t3, t4
   1838 00000493  addi s1, x0, 0
   1839 00100893  addi a7, x0, 1
   1840 4d0000ef  jal ra, +1232
   1841 00002e37  lui t3, 0x2
   1842 ac1e0e13  addi t3, t3, -1343
   1843 01de0e33  add t3, t3, t4
   1844 00000493  addi s1, x0, 0
   1845 00100893  addi a7, x0, 1
   1846 4b8000ef  jal ra, +1208
   1847 00002e37  lui t3, 0x2
   1848 ac2e0e13  addi t3, t3, -1342
   1849 01de0e33  add t3, t3, t4
   1850 00000493  addi s1, x0, 0
   1851 00100893  addi a7, x0, 1
   1852 4a0000ef  jal ra, +1184
   1853 00002e37  lui t3, 0x2
   1854 ac3e0e13  addi t3, t3, -1341
   1855 01de0e33  add t3, t3, t4
   1856 00000493  addi s1, x0, 0
   1857 00100893  addi a7, x0, 1
   1858 488000ef  jal ra, +1160
   1859 00002e37  lui t3, 0x2
   1860 ac4e0e13  addi t3, t3, -1340
   1861 01de0e33  add t3, t3, t4
   1862 00000493  addi s1, x0, 0
   1863 00100893  addi a7, x0, 1
   1864 470000ef  jal ra, +1136
   1865 00002e37  lui t3, 0x2
   1866 ac5e0e13  addi t3, t3, -1339
   1867 01de0e33  add t3, t3, t4
   1868 00000493  addi s1, x0, 0
   1869 00100893  addi a7, x0, 1
   1870 458000ef  jal ra, +1112
   1871 00002e37  lui t3, 0x2
   1872 ac6e0e13  addi t3, t3, -1338
   1873 01de0e33  add t3, t3, t4
   1874 00000493  addi s1, x0, 0
   1875 00100893  addi a7, x0, 1
   1876 440000ef  jal ra, +1088
   1877 00002e37  lui t3, 0x2
   1878 ac7e0e13  addi t3, t3, -1337
   1879 01de0e33  add t3, t3, t4
   1880 00000493  addi s1, x0, 0
   1881 00100893  addi a7, x0, 1
   1882 428000ef  jal ra, +1064
   1883 00002e37  lui t3, 0x2
   1884 ac8e0e13  addi t3, t3, -1336
   1885 01de0e33  add t3, t3, t4
   1886 00000493  addi s1, x0, 0
   1887 00100893  addi a7, x0, 1
   1888 410000ef  jal ra, +1040
   1889 00002e37  lui t3, 0x2
   1890 ac9e0e13  addi t3, t3, -1335
   1891 01de0e33  add t3, t3, t4
   1892 00000493  addi s1, x0, 0
   1893 00100893  addi a7, x0, 1
   1894 3f8000ef  jal ra, +1016
   1895 00002e37  lui t3, 0x2
   1896 acae0e13  addi t3, t3, -1334
   1897 01de0e33  add t3, t3, t4
   1898 00000493  addi s1, x0, 0
   1899 00100893  addi a7, x0, 1
   1900 3e0000ef  jal ra, +992
   1901 00002e37  lui t3, 0x2
   1902 acbe0e13  addi t3, t3, -1333
   1903 01de0e33  add t3, t3, t4
   1904 00000493  addi s1, x0, 0
   1905 00100893  addi a7, x0, 1
   1906 3c8000ef  jal ra, +968
   1907 00002e37  lui t3, 0x2
   1908 acce0e13  addi t3, t3, -1332
   1909 01de0e33  add t3, t3, t4
   1910 00000493  addi s1, x0, 0
   1911 00100893  addi a7, x0, 1
   1912 3b0000ef  jal ra, +944
   1913 00002e37  lui t3, 0x2
   1914 acde0e13  addi t3, t3, -1331
   1915 01de0e33  add t3, t3, t4
   1916 00000493  addi s1, x0, 0
   1917 00100893  addi a7, x0, 1
   1918 398000ef  jal ra, +920
   1919 00002e37  lui t3, 0x2
   1920 acee0e13  addi t3, t3, -1330
   1921 01de0e33  add t3, t3, t4
   1922 00000493  addi s1, x0, 0
   1923 00100893  addi a7, x0, 1
   1924 380000ef  jal ra, +896
   1925 00002e37  lui t3, 0x2
   1926 acfe0e13  addi t3, t3, -1329
   1927 01de0e33  add t3, t3, t4
   1928 00000493  addi s1, x0, 0
   1929 00100893  addi a7, x0, 1
   1930 368000ef  jal ra, +872
   1931 00002e37  lui t3, 0x2
   1932 ad0e0e13  addi t3, t3, -1328
   1933 01de0e33  add t3, t3, t4
   1934 00000493  addi s1, x0, 0
   1935 00100893  addi a7, x0, 1
   1936 350000ef  jal ra, +848
   1937 00002e37  lui t3, 0x2
   1938 ad1e0e13  addi t3, t3, -1327
   1939 01de0e33  add t3, t3, t4
   1940 00000493  addi s1, x0, 0
   1941 00100893  addi a7, x0, 1
   1942 338000ef  jal ra, +824
   1943 00002e37  lui t3, 0x2
   1944 ad2e0e13  addi t3, t3, -1326
   1945 01de0e33  add t3, t3, t4
   1946 00000493  addi s1, x0, 0
   1947 00100893  addi a7, x0, 1
   1948 320000ef  jal ra, +800
   1949 00002e37  lui t3, 0x2
   1950 ad3e0e13  addi t3, t3, -1325
   1951 01de0e33  add t3, t3, t4
   1952 00000493  addi s1, x0, 0
   1953 00100893  addi a7, x0, 1
   1954 308000ef  jal ra, +776
   1955 00002e37  lui t3, 0x2
   1956 ad4e0e13  addi t3, t3, -1324
   1957 01de0e33  add t3, t3, t4
   1958 00000493  addi s1, x0, 0
   1959 00100893  addi a7, x0, 1
   1960 2f0000ef  jal ra, +752
   1961 00002e37  lui t3, 0x2
   1962 ad5e0e13  addi t3, t3, -1323
   1963 01de0e33  add t3, t3, t4
   1964 00000493  addi s1, x0, 0
   1965 00100893  addi a7, x0, 1
   1966 2d8000ef  jal ra, +728
   1967 00002e37  lui t3, 0x2
   1968 ad6e0e13  addi t3, t3, -1322
   1969 01de0e33  add t3, t3, t4
   1970 00000493  addi s1, x0, 0
   1971 00100893  addi a7, x0, 1
   1972 2c0000ef  jal ra, +704
   1973 00002e37  lui t3, 0x2
   1974 ad7e0e13  addi t3, t3, -1321
   1975 01de0e33  add t3, t3, t4
   1976 00000493  addi s1, x0, 0
   1977 00100893  addi a7, x0, 1
   1978 2a8000ef  jal ra, +680
   1979 00002e37  lui t3, 0x2
   1980 ad8e0e13  addi t3, t3, -1320
   1981 01de0e33  add t3, t3, t4
   1982 00000493  addi s1, x0, 0
   1983 00100893  addi a7, x0, 1
   1984 290000ef  jal ra, +656
   1985 00002e37  lui t3, 0x2
   1986 ad9e0e13  addi t3, t3, -1319
   1987 01de0e33  add t3, t3, t4
   1988 00000493  addi s1, x0, 0
   1989 00100893  addi a7, x0, 1
   1990 278000ef  jal ra, +632
   1991 00002e37  lui t3, 0x2
   1992 adae0e13  addi t3, t3, -1318
   1993 01de0e33  add t3, t3, t4
   1994 00000493  addi s1, x0, 0
   1995 00100893  addi a7, x0, 1
   1996 260000ef  jal ra, +608
   1997 00002e37  lui t3, 0x2
   1998 adbe0e13  addi t3, t3, -1317
   1999 01de0e33  add t3, t3, t4
   2000 00000493  addi s1, x0, 0
   2001 00100893  addi a7, x0, 1
   2002 248000ef  jal ra, +584
   2003 00002e37  lui t3, 0x2
   2004 adce0e13  addi t3, t3, -1316
   2005 01de0e33  add t3, t3, t4
   2006 00000493  addi s1, x0, 0
   2007 00100893  addi a7, x0, 1
   2008 230000ef  jal ra, +560
   2009 00002e37  lui t3, 0x2
   2010 adde0e13  addi t3, t3, -1315
   2011 01de0e33  add t3, t3, t4
   2012 00000493  addi s1, x0, 0
   2013 00100893  addi a7, x0, 1
   2014 218000ef  jal ra, +536
   2015 00002e37  lui t3, 0x2
   2016 adee0e13  addi t3, t3, -1314
   2017 01de0e33  add t3, t3, t4
   2018 00000493  addi s1, x0, 0
   2019 00100893  addi a7, x0, 1
   2020 200000ef  jal ra, +512
   2021 00002e37  lui t3, 0x2
   2022 adfe0e13  addi t3, t3, -1313
   2023 01de0e33  add t3, t3, t4
   2024 00000493  addi s1, x0, 0
   2025 00100893  addi a7, x0, 1
   2026 1e8000ef  jal ra, +488
   2027 00002e37  lui t3, 0x2
   2028 ae0e0e13  addi t3, t3, -1312
   2029 01de0e33  add t3, t3, t4
   2030 00000493  addi s1, x0, 0
   2031 00100893  addi a7, x0, 1
   2032 1d0000ef  jal ra, +464
   2033 00002e37  lui t3, 0x2
   2034 ae1e0e13  addi t3, t3, -1311
   2035 01de0e33  add t3, t3, t4
   2036 00000493  addi s1, x0, 0
   2037 00100893  addi a7, x0, 1
   2038 1b8000ef  jal ra, +440
   2039 00002e37  lui t3, 0x2
   2040 ae2e0e13  addi t3, t3, -1310
   2041 01de0e33  add t3, t3, t4
   2042 00000493  addi s1, x0, 0
   2043 00100893  addi a7, x0, 1
   2044 1a0000ef  jal ra, +416
   2045 00002e37  lui t3, 0x2
   2046 ae3e0e13  addi t3, t3, -1309
   2047 01de0e33  add t3, t3, t4
   2048 00000493  addi s1, x0, 0
   2049 00100893  addi a7, x0, 1
   2050 188000ef  jal ra, +392
   2051 00002e37  lui t3, 0x2
   2052 ae4e0e13  addi t3, t3, -1308
   2053 01de0e33  add t3, t3, t4
   2054 00000493  addi s1, x0, 0
   2055 00100893  addi a7, x0, 1
   2056 170000ef  jal ra, +368
   2057 00002e37  lui t3, 0x2
   2058 ae5e0e13  addi t3, t3, -1307
   2059 01de0e33  add t3, t3, t4
   2060 00000493  addi s1, x0, 0
   2061 00100893  addi a7, x0, 1
   2062 158000ef  jal ra, +344
   2063 00002e37  lui t3, 0x2
   2064 ae6e0e13  addi t3, t3, -1306
   2065 01de0e33  add t3, t3, t4
   2066 00000493  addi s1, x0, 0
   2067 00100893  addi a7, x0, 1
   2068 140000ef  jal ra, +320
   2069 00002e37  lui t3, 0x2
   2070 ae7e0e13  addi t3, t3, -1305
   2071 01de0e33  add t3, t3, t4
   2072 00000493  addi s1, x0, 0
   2073 00100893  addi a7, x0, 1
   2074 128000ef  jal ra, +296
   2075 00002e37  lui t3, 0x2
   2076 ae8e0e13  addi t3, t3, -1304
   2077 01de0e33  add t3, t3, t4
   2078 00000493  addi s1, x0, 0
   2079 00100893  addi a7, x0, 1
   2080 110000ef  jal ra, +272
   2081 00002e37  lui t3, 0x2
   2082 ae9e0e13  addi t3, t3, -1303
   2083 01de0e33  add t3, t3, t4
   2084 00000493  addi s1, x0, 0
   2085 00100893  addi a7, x0, 1
   2086 0f8000ef  jal ra, +248
   2087 00002e37  lui t3, 0x2
   2088 aeae0e13  addi t3, t3, -1302
   2089 01de0e33  add t3, t3, t4
   2090 00000493  addi s1, x0, 0
   2091 00100893  addi a7, x0, 1
   2092 0e0000ef  jal ra, +224
   2093 00002e37  lui t3, 0x2
   2094 aebe0e13  addi t3, t3, -1301
   2095 01de0e33  add t3, t3, t4
   2096 00000493  addi s1, x0, 0
   2097 00100893  addi a7, x0, 1
   2098 0c8000ef  jal ra, +200
   2099 00002e37  lui t3, 0x2
   2100 aece0e13  addi t3, t3, -1300
   2101 01de0e33  add t3, t3, t4
   2102 00000493  addi s1, x0, 0
   2103 00100893  addi a7, x0, 1
   2104 0b0000ef  jal ra, +176
   2105 00002e37  lui t3, 0x2
   2106 aede0e13  addi t3, t3, -1299
   2107 01de0e33  add t3, t3, t4
   2108 00000493  addi s1, x0, 0
   2109 00100893  addi a7, x0, 1
   2110 098000ef  jal ra, +152
   2111 00002e37  lui t3, 0x2
   2112 aeee0e13  addi t3, t3, -1298
   2113 01de0e33  add t3, t3, t4
   2114 00000493  addi s1, x0, 0
   2115 00100893  addi a7, x0, 1
   2116 080000ef  jal ra, +128
   2117 00002e37  lui t3, 0x2
   2118 aefe0e13  addi t3, t3, -1297
   2119 01de0e33  add t3, t3, t4
   2120 00000493  addi s1, x0, 0
   2121 00100893  addi a7, x0, 1
   2122 068000ef  jal ra, +104
   2123 00002e37  lui t3, 0x2
   2124 af0e0e13  addi t3, t3, -1296
   2125 01de0e33  add t3, t3, t4
   2126 00000493  addi s1, x0, 0
   2127 00100893  addi a7, x0, 1
   2128 050000ef  jal ra, +80
   2129 00002e37  lui t3, 0x2
   2130 af1e0e13  addi t3, t3, -1295
   2131 01de0e33  add t3, t3, t4
   2132 00000493  addi s1, x0, 0
   2133 00100893  addi a7, x0, 1
   2134 038000ef  jal ra, +56
   2135 00002e37  lui t3, 0x2
   2136 af2e0e13  addi t3, t3, -1294
   2137 01de0e33  add t3, t3, t4
   2138 00000493  addi s1, x0, 0
   2139 00100893  addi a7, x0, 1
   2140 020000ef  jal ra, +32
   2141 00002e37  lui t3, 0x2
   2142 af3e0e13  addi t3, t3, -1293
   2143 01de0e33  add t3, t3, t4
   2144 00000493  addi s1, x0, 0
   2145 00100893  addi a7, x0, 1
   2146 008000ef  jal ra, +8
   2147 0540006f  jal x0, +84
putbits:
   2148 00048663  beq s1, x0, +12
   2149 000e6c83  lwu s9, 0(t3)
   2150 0080006f  jal x0, +8
pb_byte:
   2151 000e4c83  lbu s9, 0(t3)
pb_go:
   2152 00000b93  addi s7, x0, 0
pb_loop:
   2153 017cd1b3  srl gp, s9, s7
   2154 0011f193  andi gp, gp, 1
   2155 007a7213  andi tp, s4, 7
   2156 004191b3  sll gp, gp, tp
   2157 003a5213  srli tp, s4, 3
   2158 00004137  lui sp, 0x4
   2159 d0f10113  addi sp, sp, -753
   2160 00220233  add tp, tp, sp
   2161 00024103  lbu sp, 0(tp)
   2162 00316133  or sp, sp, gp
   2163 00220023  sb sp, 0(tp)
   2164 001a0a13  addi s4, s4, 1
   2165 001b8b93  addi s7, s7, 1
   2166 fd1b96e3  bne s7, a7, -52
   2167 00008067  jalr x0, ra, 0
pack_done:
success:
   2168 00100293  addi t0, x0, 1
   2169 00000513  addi a0, x0, 0
   2170 00000073  ecall